Archive member included to satisfy reference by file (symbol)

c:/program files (x86)/atmel/studio/7.0/toolchain/avr8/avr8-gnu-toolchain/bin/../lib/gcc/avr/5.4.0/../../../../avr/lib/avr5\libm.a(addsf3.o)
                              main.o (__addsf3)
c:/program files (x86)/atmel/studio/7.0/toolchain/avr8/avr8-gnu-toolchain/bin/../lib/gcc/avr/5.4.0/../../../../avr/lib/avr5\libm.a(addsf3x.o)
                              c:/program files (x86)/atmel/studio/7.0/toolchain/avr8/avr8-gnu-toolchain/bin/../lib/gcc/avr/5.4.0/../../../../avr/lib/avr5\libm.a(addsf3.o) (__addsf3x)
c:/program files (x86)/atmel/studio/7.0/toolchain/avr8/avr8-gnu-toolchain/bin/../lib/gcc/avr/5.4.0/../../../../avr/lib/avr5\libm.a(cos.o)
                              main.o (cos)
c:/program files (x86)/atmel/studio/7.0/toolchain/avr8/avr8-gnu-toolchain/bin/../lib/gcc/avr/5.4.0/../../../../avr/lib/avr5\libm.a(divsf3.o)
                              main.o (__divsf3)
c:/program files (x86)/atmel/studio/7.0/toolchain/avr8/avr8-gnu-toolchain/bin/../lib/gcc/avr/5.4.0/../../../../avr/lib/avr5\libm.a(divsf3x.o)
                              c:/program files (x86)/atmel/studio/7.0/toolchain/avr8/avr8-gnu-toolchain/bin/../lib/gcc/avr/5.4.0/../../../../avr/lib/avr5\libm.a(divsf3.o) (__divsf3x)
c:/program files (x86)/atmel/studio/7.0/toolchain/avr8/avr8-gnu-toolchain/bin/../lib/gcc/avr/5.4.0/../../../../avr/lib/avr5\libm.a(fixsfsi.o)
                              main.o (__fixsfsi)
c:/program files (x86)/atmel/studio/7.0/toolchain/avr8/avr8-gnu-toolchain/bin/../lib/gcc/avr/5.4.0/../../../../avr/lib/avr5\libm.a(fixunssfsi.o)
                              main.o (__fixunssfsi)
c:/program files (x86)/atmel/studio/7.0/toolchain/avr8/avr8-gnu-toolchain/bin/../lib/gcc/avr/5.4.0/../../../../avr/lib/avr5\libm.a(floatsisf.o)
                              main.o (__floatsisf)
c:/program files (x86)/atmel/studio/7.0/toolchain/avr8/avr8-gnu-toolchain/bin/../lib/gcc/avr/5.4.0/../../../../avr/lib/avr5\libm.a(fp_inf.o)
                              c:/program files (x86)/atmel/studio/7.0/toolchain/avr8/avr8-gnu-toolchain/bin/../lib/gcc/avr/5.4.0/../../../../avr/lib/avr5\libm.a(addsf3x.o) (__fp_inf)
c:/program files (x86)/atmel/studio/7.0/toolchain/avr8/avr8-gnu-toolchain/bin/../lib/gcc/avr/5.4.0/../../../../avr/lib/avr5\libm.a(fp_nan.o)
                              c:/program files (x86)/atmel/studio/7.0/toolchain/avr8/avr8-gnu-toolchain/bin/../lib/gcc/avr/5.4.0/../../../../avr/lib/avr5\libm.a(addsf3x.o) (__fp_nan)
c:/program files (x86)/atmel/studio/7.0/toolchain/avr8/avr8-gnu-toolchain/bin/../lib/gcc/avr/5.4.0/../../../../avr/lib/avr5\libm.a(fp_pscA.o)
                              c:/program files (x86)/atmel/studio/7.0/toolchain/avr8/avr8-gnu-toolchain/bin/../lib/gcc/avr/5.4.0/../../../../avr/lib/avr5\libm.a(addsf3x.o) (__fp_pscA)
c:/program files (x86)/atmel/studio/7.0/toolchain/avr8/avr8-gnu-toolchain/bin/../lib/gcc/avr/5.4.0/../../../../avr/lib/avr5\libm.a(fp_pscB.o)
                              c:/program files (x86)/atmel/studio/7.0/toolchain/avr8/avr8-gnu-toolchain/bin/../lib/gcc/avr/5.4.0/../../../../avr/lib/avr5\libm.a(addsf3x.o) (__fp_pscB)
c:/program files (x86)/atmel/studio/7.0/toolchain/avr8/avr8-gnu-toolchain/bin/../lib/gcc/avr/5.4.0/../../../../avr/lib/avr5\libm.a(fp_rempio2.o)
                              c:/program files (x86)/atmel/studio/7.0/toolchain/avr8/avr8-gnu-toolchain/bin/../lib/gcc/avr/5.4.0/../../../../avr/lib/avr5\libm.a(cos.o) (__fp_rempio2)
c:/program files (x86)/atmel/studio/7.0/toolchain/avr8/avr8-gnu-toolchain/bin/../lib/gcc/avr/5.4.0/../../../../avr/lib/avr5\libm.a(fp_round.o)
                              c:/program files (x86)/atmel/studio/7.0/toolchain/avr8/avr8-gnu-toolchain/bin/../lib/gcc/avr/5.4.0/../../../../avr/lib/avr5\libm.a(addsf3.o) (__fp_round)
c:/program files (x86)/atmel/studio/7.0/toolchain/avr8/avr8-gnu-toolchain/bin/../lib/gcc/avr/5.4.0/../../../../avr/lib/avr5\libm.a(fp_sinus.o)
                              c:/program files (x86)/atmel/studio/7.0/toolchain/avr8/avr8-gnu-toolchain/bin/../lib/gcc/avr/5.4.0/../../../../avr/lib/avr5\libm.a(cos.o) (__fp_sinus)
c:/program files (x86)/atmel/studio/7.0/toolchain/avr8/avr8-gnu-toolchain/bin/../lib/gcc/avr/5.4.0/../../../../avr/lib/avr5\libm.a(fp_split3.o)
                              c:/program files (x86)/atmel/studio/7.0/toolchain/avr8/avr8-gnu-toolchain/bin/../lib/gcc/avr/5.4.0/../../../../avr/lib/avr5\libm.a(addsf3x.o) (__fp_split3)
c:/program files (x86)/atmel/studio/7.0/toolchain/avr8/avr8-gnu-toolchain/bin/../lib/gcc/avr/5.4.0/../../../../avr/lib/avr5\libm.a(fp_zero.o)
                              c:/program files (x86)/atmel/studio/7.0/toolchain/avr8/avr8-gnu-toolchain/bin/../lib/gcc/avr/5.4.0/../../../../avr/lib/avr5\libm.a(addsf3x.o) (__fp_zero)
c:/program files (x86)/atmel/studio/7.0/toolchain/avr8/avr8-gnu-toolchain/bin/../lib/gcc/avr/5.4.0/../../../../avr/lib/avr5\libm.a(gesf2.o)
                              main.o (__gesf2)
[...]
Memory Configuration

Name             Origin             Length             Attributes
text             0x00000000         0x00008000         xr
data             0x00800100         0x00000800         rw !x
eeprom           0x00810000         0x00000400         rw !x
fuse             0x00820000         0x00000003         rw !x
lock             0x00830000         0x00000400         rw !x
signature        0x00840000         0x00000400         rw !x
user_signatures  0x00850000         0x00000400         rw !x
*default*        0x00000000         0xffffffff

Linker script and memory map

Address of section .data set to 0x800100
LOAD C:/Program Files (x86)/Atmel/Studio/7.0/Packs/atmel/ATmega_DFP/1.6.364/gcc/dev/atmega328p/avr5/crtatmega328p.o
LOAD main.o
START GROUP
LOAD c:/program files (x86)/atmel/studio/7.0/toolchain/avr8/avr8-gnu-toolchain/bin/../lib/gcc/avr/5.4.0/../../../../avr/lib/avr5\libm.a
LOAD c:\users\agva\DOCUME~1\ATMELS~1\7.0\SUCTIO~3\SUCTIO~1\ARDUIN~1\Debug\libArduinoCore.a
END GROUP
LOAD c:/program files (x86)/atmel/studio/7.0/toolchain/avr8/avr8-gnu-toolchain/bin/../lib/gcc/avr/5.4.0/avr5\libgcc.a
LOAD c:/program files (x86)/atmel/studio/7.0/toolchain/avr8/avr8-gnu-toolchain/bin/../lib/gcc/avr/5.4.0/../../../../avr/lib/avr5\libm.a
START GROUP
LOAD c:/program files (x86)/atmel/studio/7.0/toolchain/avr8/avr8-gnu-toolchain/bin/../lib/gcc/avr/5.4.0/avr5\libgcc.a
LOAD c:/program files (x86)/atmel/studio/7.0/toolchain/avr8/avr8-gnu-toolchain/bin/../lib/gcc/avr/5.4.0/../../../../avr/lib/avr5\libm.a
LOAD c:/program files (x86)/atmel/studio/7.0/toolchain/avr8/avr8-gnu-toolchain/bin/../lib/gcc/avr/5.4.0/../../../../avr/lib/avr5\libc.a
LOAD C:/Program Files (x86)/Atmel/Studio/7.0/Packs/atmel/ATmega_DFP/1.6.364/gcc/dev/atmega328p/avr5\libatmega328p.a
END GROUP
                0x00000000                __TEXT_REGION_ORIGIN__ = DEFINED (__TEXT_REGION_ORIGIN__)?__TEXT_REGION_ORIGIN__:0x0
                [0x00800100]                __DATA_REGION_ORIGIN__ = DEFINED (__DATA_REGION_ORIGIN__)?__DATA_REGION_ORIGIN__:0x800060
                [0x00008000]                __TEXT_REGION_LENGTH__ = DEFINED (__TEXT_REGION_LENGTH__)?__TEXT_REGION_LENGTH__:0x20000
                [0x00000800]                __DATA_REGION_LENGTH__ = DEFINED (__DATA_REGION_LENGTH__)?__DATA_REGION_LENGTH__:0xffa0
                [0x00000400]                __EEPROM_REGION_LENGTH__ = DEFINED (__EEPROM_REGION_LENGTH__)?__EEPROM_REGION_LENGTH__:0x10000
                [0x00000003]                __FUSE_REGION_LENGTH__ = DEFINED (__FUSE_REGION_LENGTH__)?__FUSE_REGION_LENGTH__:0x400
                0x00000400                __LOCK_REGION_LENGTH__ = DEFINED (__LOCK_REGION_LENGTH__)?__LOCK_REGION_LENGTH__:0x400
                0x00000400                __SIGNATURE_REGION_LENGTH__ = DEFINED (__SIGNATURE_REGION_LENGTH__)?__SIGNATURE_REGION_LENGTH__:0x400
                0x00000400                __USER_SIGNATURE_REGION_LENGTH__ = DEFINED (__USER_SIGNATURE_REGION_LENGTH__)?__USER_SIGNATURE_REGION_LENGTH__:0x400

.hash
 *(.hash)

.dynsym
 *(.dynsym)

.dynstr
 *(.dynstr)

.gnu.version
 *(.gnu.version)

.gnu.version_d
 *(.gnu.version_d)

.gnu.version_r
 *(.gnu.version_r)

.rel.init
 *(.rel.init)

.rela.init
 *(.rela.init)

.rel.text
 *(.rel.text)
 *(.rel.text.*)
 *(.rel.gnu.linkonce.t*)

.rela.text
 *(.rela.text)
 *(.rela.text.*)
 *(.rela.gnu.linkonce.t*)

.rel.fini
 *(.rel.fini)

.rela.fini
 *(.rela.fini)

.rel.rodata
 *(.rel.rodata)
 *(.rel.rodata.*)
 *(.rel.gnu.linkonce.r*)

.rela.rodata
 *(.rela.rodata)
 *(.rela.rodata.*)
 *(.rela.gnu.linkonce.r*)

.rel.data
 *(.rel.data)
 *(.rel.data.*)
 *(.rel.gnu.linkonce.d*)

.rela.data
 *(.rela.data)
 *(.rela.data.*)
 *(.rela.gnu.linkonce.d*)

.rel.ctors
 *(.rel.ctors)

.rela.ctors
 *(.rela.ctors)

.rel.dtors
 *(.rel.dtors)

.rela.dtors
 *(.rela.dtors)

.rel.got
 *(.rel.got)

.rela.got
 *(.rela.got)

.rel.bss
 *(.rel.bss)

.rela.bss
 *(.rela.bss)

.rel.plt
 *(.rel.plt)

.rela.plt
 *(.rela.plt)

.text           0x00000000     0x55c8
 *(.vectors)
 .vectors       0x00000000       0x68 C:/Program Files (x86)/Atmel/Studio/7.0/Packs/atmel/ATmega_DFP/1.6.364/gcc/dev/atmega328p/avr5/crtatmega328p.o
                0x00000000                __vector_default
                0x00000000                __vectors
 *(.vectors)
 *(.progmem.gcc*)
 .progmem.gcc_fplib
                0x00000068       0x1e c:/program files (x86)/atmel/studio/7.0/toolchain/avr8/avr8-gnu-toolchain/bin/../lib/gcc/avr/5.4.0/../../../../avr/lib/avr5\libm.a(fp_sinus.o)
 .progmem.gcc_sw_table._ZN7AMS581213getTransducerEv
                0x00000086       0x2c c:\users\agva\DOCUME~1\ATMELS~1\7.0\SUCTIO~3\SUCTIO~1\ARDUIN~1\Debug\libArduinoCore.a(AMS5812.o)
                0x000000b2                . = ALIGN (0x2)
                0x000000b2                __trampolines_start = .
 *(.trampolines)
 .trampolines   0x000000b2        0x0 linker stubs
 *(.trampolines*)
                0x000000b2                __trampolines_end = .
 *libprintf_flt.a:*(.progmem.data)
 *libc.a:*(.progmem.data)
 *(.progmem*)
 .progmem.data._ZL5meter
                0x000000b2     0x1340 main.o
 .progmem.data.digital_pin_to_timer_PGM
                0x000013f2       0x14 c:\users\agva\DOCUME~1\ATMELS~1\7.0\SUCTIO~3\SUCTIO~1\ARDUIN~1\Debug\libArduinoCore.a(wiring_digital.o)
                0x000013f2                digital_pin_to_timer_PGM
 .progmem.data.digital_pin_to_bit_mask_PGM
                0x00001406       0x14 c:\users\agva\DOCUME~1\ATMELS~1\7.0\SUCTIO~3\SUCTIO~1\ARDUIN~1\Debug\libArduinoCore.a(wiring_digital.o)
                0x00001406                digital_pin_to_bit_mask_PGM
 .progmem.data.digital_pin_to_port_PGM
                0x0000141a       0x14 c:\users\agva\DOCUME~1\ATMELS~1\7.0\SUCTIO~3\SUCTIO~1\ARDUIN~1\Debug\libArduinoCore.a(wiring_digital.o)
                0x0000141a                digital_pin_to_port_PGM
 .progmem.data.port_to_output_PGM
                0x0000142e        0xa c:\users\agva\DOCUME~1\ATMELS~1\7.0\SUCTIO~3\SUCTIO~1\ARDUIN~1\Debug\libArduinoCore.a(wiring_digital.o)
                0x0000142e                port_to_output_PGM
 .progmem.data.port_to_mode_PGM
                0x00001438        0xa c:\users\agva\DOCUME~1\ATMELS~1\7.0\SUCTIO~3\SUCTIO~1\ARDUIN~1\Debug\libArduinoCore.a(wiring_digital.o)
                0x00001438                port_to_mode_PGM
                0x00001442                . = ALIGN (0x2)
 *(.jumptables)
 *(.jumptables*)
 *(.lowtext)
 *(.lowtext*)
                0x00001442                __ctors_start = .
 *(.ctors)
 .ctors         0x00001442        0x2 main.o
 .ctors         0x00001444        0x2 c:\users\agva\DOCUME~1\ATMELS~1\7.0\SUCTIO~3\SUCTIO~1\ARDUIN~1\Debug\libArduinoCore.a(HardwareSerial0.o)
 .ctors         0x00001446        0x2 c:\users\agva\DOCUME~1\ATMELS~1\7.0\SUCTIO~3\SUCTIO~1\ARDUIN~1\Debug\libArduinoCore.a(Wire.o)
                0x00001448                __ctors_end = .
                0x00001448                __dtors_start = .
 *(.dtors)
                0x00001448                __dtors_end = .
 SORT(*)(.ctors)
 SORT(*)(.dtors)
 *(.init0)
 .init0         0x00001448        0x0 C:/Program Files (x86)/Atmel/Studio/7.0/Packs/atmel/ATmega_DFP/1.6.364/gcc/dev/atmega328p/avr5/crtatmega328p.o
                0x00001448                __init
 *(.init0)
 *(.init1)
 *(.init1)
 *(.init2)
 .init2         0x00001448        0xc C:/Program Files (x86)/Atmel/Studio/7.0/Packs/atmel/ATmega_DFP/1.6.364/gcc/dev/atmega328p/avr5/crtatmega328p.o
 *(.init2)
 *(.init3)
 *(.init3)
 *(.init4)
 .init4         0x00001454       0x16 c:/program files (x86)/atmel/studio/7.0/toolchain/avr8/avr8-gnu-toolchain/bin/../lib/gcc/avr/5.4.0/avr5\libgcc.a(_copy_data.o)
                0x00001454                __do_copy_data
 .init4         0x0000146a       0x10 c:/program files (x86)/atmel/studio/7.0/toolchain/avr8/avr8-gnu-toolchain/bin/../lib/gcc/avr/5.4.0/avr5\libgcc.a(_clear_bss.o)
                0x0000146a                __do_clear_bss
 *(.init4)
 *(.init5)
 *(.init5)
 *(.init6)
 .init6         0x0000147a       0x16 c:/program files (x86)/atmel/studio/7.0/toolchain/avr8/avr8-gnu-toolchain/bin/../lib/gcc/avr/5.4.0/avr5\libgcc.a(_ctors.o)
                0x0000147a                __do_global_ctors
 *(.init6)
 *(.init7)
 *(.init7)
 *(.init8)
 *(.init8)
 *(.init9)
 .init9         0x00001490        0x8 C:/Program Files (x86)/Atmel/Studio/7.0/Packs/atmel/ATmega_DFP/1.6.364/gcc/dev/atmega328p/avr5/crtatmega328p.o
 *(.init9)
 *(.text)
 .text          0x00001498        0x4 C:/Program Files (x86)/Atmel/Studio/7.0/Packs/atmel/ATmega_DFP/1.6.364/gcc/dev/atmega328p/avr5/crtatmega328p.o
                0x00001498                __vector_22
                0x00001498                __vector_1
                0x00001498                __vector_12
                0x00001498                __bad_interrupt
                0x00001498                __vector_6
                0x00001498                __vector_3
                0x00001498                __vector_23
                0x00001498                __vector_25
                0x00001498                __vector_11
                0x00001498                __vector_13
                0x00001498                __vector_17
                0x00001498                __vector_7
                0x00001498                __vector_5
                0x00001498                __vector_4
                0x00001498                __vector_9
                0x00001498                __vector_2
                0x00001498                __vector_21
                0x00001498                __vector_15
                0x00001498                __vector_8
                0x00001498                __vector_14
                0x00001498                __vector_10
                0x00001498                __vector_20
                0x0000149c                . = ALIGN (0x2)
 *(.text.*)
 .text.setup    0x0000149c       0xbc main.o
                0x0000149c                setup
 .text.loop     0x00001558      0x318 main.o
                0x00001558                loop
 .text.startup._GLOBAL__sub_I_pressure
                0x00001870       0x2c main.o
 .text.avr-libc.fplib
                0x0000189c        0xe c:/program files (x86)/atmel/studio/7.0/toolchain/avr8/avr8-gnu-toolchain/bin/../lib/gcc/avr/5.4.0/../../../../avr/lib/avr5\libm.a(addsf3.o)
                0x0000189c                __subsf3
                0x0000189e                __addsf3
 .text.avr-libc.fplib
                0x000018aa       0xcc c:/program files (x86)/atmel/studio/7.0/toolchain/avr8/avr8-gnu-toolchain/bin/../lib/gcc/avr/5.4.0/../../../../avr/lib/avr5\libm.a(addsf3x.o)
                0x000018cc                __addsf3x
 .text.avr-libc.fplib
                0x00001976        0xa c:/program files (x86)/atmel/studio/7.0/toolchain/avr8/avr8-gnu-toolchain/bin/../lib/gcc/avr/5.4.0/../../../../avr/lib/avr5\libm.a(cos.o)
                0x00001976                cos
 .text.avr-libc.fplib
                0x00001980        0x8 c:/program files (x86)/atmel/studio/7.0/toolchain/avr8/avr8-gnu-toolchain/bin/../lib/gcc/avr/5.4.0/../../../../avr/lib/avr5\libm.a(divsf3.o)
                0x00001980                __divsf3
 .text.avr-libc.fplib
                0x00001988       0xdc c:/program files (x86)/atmel/studio/7.0/toolchain/avr8/avr8-gnu-toolchain/bin/../lib/gcc/avr/5.4.0/../../../../avr/lib/avr5\libm.a(divsf3x.o)
                0x000019a8                __divsf3x
                0x000019ae                __divsf3_pse
 .text.avr-libc.fplib
                0x00001a64        0xe c:/program files (x86)/atmel/studio/7.0/toolchain/avr8/avr8-gnu-toolchain/bin/../lib/gcc/avr/5.4.0/../../../../avr/lib/avr5\libm.a(fixsfsi.o)
                0x00001a64                __fixsfsi
 .text.avr-libc.fplib
                0x00001a72       0x5e c:/program files (x86)/atmel/studio/7.0/toolchain/avr8/avr8-gnu-toolchain/bin/../lib/gcc/avr/5.4.0/../../../../avr/lib/avr5\libm.a(fixunssfsi.o)
                0x00001a72                __fixunssfsi
 .text.avr-libc.fplib
                0x00001ad0       0x7a c:/program files (x86)/atmel/studio/7.0/toolchain/avr8/avr8-gnu-toolchain/bin/../lib/gcc/avr/5.4.0/../../../../avr/lib/avr5\libm.a(floatsisf.o)
                0x00001ad0                __floatunsisf
                0x00001ad4                __floatsisf
 .text.avr-libc.fplib
                0x00001b4a        0xc c:/program files (x86)/atmel/studio/7.0/toolchain/avr8/avr8-gnu-toolchain/bin/../lib/gcc/avr/5.4.0/../../../../avr/lib/avr5\libm.a(fp_inf.o)
                0x00001b4a                __fp_inf
 .text.avr-libc.fplib
                0x00001b56        0x6 c:/program files (x86)/atmel/studio/7.0/toolchain/avr8/avr8-gnu-toolchain/bin/../lib/gcc/avr/5.4.0/../../../../avr/lib/avr5\libm.a(fp_nan.o)
                0x00001b56                __fp_nan
 .text.avr-libc.fplib
                0x00001b5c        0xe c:/program files (x86)/atmel/studio/7.0/toolchain/avr8/avr8-gnu-toolchain/bin/../lib/gcc/avr/5.4.0/../../../../avr/lib/avr5\libm.a(fp_pscA.o)
                0x00001b5c                __fp_pscA
 .text.avr-libc.fplib
                0x00001b6a        0xe c:/program files (x86)/atmel/studio/7.0/toolchain/avr8/avr8-gnu-toolchain/bin/../lib/gcc/avr/5.4.0/../../../../avr/lib/avr5\libm.a(fp_pscB.o)
                0x00001b6a                __fp_pscB
 .text.avr-libc.fplib
                0x00001b78       0x56 c:/program files (x86)/atmel/studio/7.0/toolchain/avr8/avr8-gnu-toolchain/bin/../lib/gcc/avr/5.4.0/../../../../avr/lib/avr5\libm.a(fp_rempio2.o)
                0x00001b7c                __fp_rempio2
 .text.avr-libc.fplib
                0x00001bce       0x22 c:/program files (x86)/atmel/studio/7.0/toolchain/avr8/avr8-gnu-toolchain/bin/../lib/gcc/avr/5.4.0/../../../../avr/lib/avr5\libm.a(fp_round.o)
                0x00001bce                __fp_round
 .text.avr-libc.fplib
                0x00001bf0       0x28 c:/program files (x86)/atmel/studio/7.0/toolchain/avr8/avr8-gnu-toolchain/bin/../lib/gcc/avr/5.4.0/../../../../avr/lib/avr5\libm.a(fp_sinus.o)
                0x00001bf0                __fp_sinus
 .text.avr-libc.fplib
                0x00001c18       0x44 c:/program files (x86)/atmel/studio/7.0/toolchain/avr8/avr8-gnu-toolchain/bin/../lib/gcc/avr/5.4.0/../../../../avr/lib/avr5\libm.a(fp_split3.o)
                0x00001c18                __fp_split3
                0x00001c28                __fp_splitA
 .text.avr-libc.fplib
                0x00001c5c        0xe c:/program files (x86)/atmel/studio/7.0/toolchain/avr8/avr8-gnu-toolchain/bin/../lib/gcc/avr/5.4.0/../../../../avr/lib/avr5\libm.a(fp_zero.o)
                0x00001c5c                __fp_zero
                0x00001c5e                __fp_szero
 .text.avr-libc.fplib
                0x00001c6a        0xa c:/program files (x86)/atmel/studio/7.0/toolchain/avr8/avr8-gnu-toolchain/bin/../lib/gcc/avr/5.4.0/../../../../avr/lib/avr5\libm.a(gesf2.o)
                0x00001c6a                __gesf2
                0x00001c6a                __gtsf2
 .text.avr-libc.fplib
                0x00001c74        0x8 c:/program files (x86)/atmel/studio/7.0/toolchain/avr8/avr8-gnu-toolchain/bin/../lib/gcc/avr/5.4.0/../../../../avr/lib/avr5\libm.a(mulsf3.o)
                0x00001c74                __mulsf3
 .text.avr-libc.fplib
                0x00001c7c       0xd2 c:/program files (x86)/atmel/studio/7.0/toolchain/avr8/avr8-gnu-toolchain/bin/../lib/gcc/avr/5.4.0/../../../../avr/lib/avr5\libm.a(mulsf3x.o)
                0x00001c9a                __mulsf3x
                0x00001ca0                __mulsf3_pse
 .text.avr-libc.fplib
                0x00001d4e       0x10 c:/program files (x86)/atmel/studio/7.0/toolchain/avr8/avr8-gnu-toolchain/bin/../lib/gcc/avr/5.4.0/../../../../avr/lib/avr5\libm.a(sin.o)
                0x00001d4e                sin
 .text.avr-libc.fplib
                0x00001d5e       0x48 c:/program files (x86)/atmel/studio/7.0/toolchain/avr8/avr8-gnu-toolchain/bin/../lib/gcc/avr/5.4.0/../../../../avr/lib/avr5\libm.a(fp_cmp.o)
                0x00001d5e                __fp_cmp
 .text.avr-libc.fplib
                0x00001da6       0x1c c:/program files (x86)/atmel/studio/7.0/toolchain/avr8/avr8-gnu-toolchain/bin/../lib/gcc/avr/5.4.0/../../../../avr/lib/avr5\libm.a(fp_mpack.o)
                0x00001da6                __fp_mpack
                0x00001daa                __fp_mpack_finite
 .text.avr-libc.fplib
                0x00001dc2       0x28 c:/program files (x86)/atmel/studio/7.0/toolchain/avr8/avr8-gnu-toolchain/bin/../lib/gcc/avr/5.4.0/../../../../avr/lib/avr5\libm.a(fp_powsodd.o)
                0x00001dc2                __fp_powsodd
 .text.avr-libc.fplib
                0x00001dea       0x4e c:/program files (x86)/atmel/studio/7.0/toolchain/avr8/avr8-gnu-toolchain/bin/../lib/gcc/avr/5.4.0/../../../../avr/lib/avr5\libm.a(fp_powser.o)
                0x00001dea                __fp_powser
 .text._ZN14HardwareSerial9availableEv
                0x00001e38       0x18 c:\users\agva\DOCUME~1\ATMELS~1\7.0\SUCTIO~3\SUCTIO~1\ARDUIN~1\Debug\libArduinoCore.a(HardwareSerial.o)
                0x00001e38                _ZN14HardwareSerial9availableEv
 .text._ZN14HardwareSerial4peekEv
                0x00001e50       0x1c c:\users\agva\DOCUME~1\ATMELS~1\7.0\SUCTIO~3\SUCTIO~1\ARDUIN~1\Debug\libArduinoCore.a(HardwareSerial.o)
                0x00001e50                _ZN14HardwareSerial4peekEv
 .text._ZN14HardwareSerial4readEv
                0x00001e6c       0x28 c:\users\agva\DOCUME~1\ATMELS~1\7.0\SUCTIO~3\SUCTIO~1\ARDUIN~1\Debug\libArduinoCore.a(HardwareSerial.o)
                0x00001e6c                _ZN14HardwareSerial4readEv
 .text._ZN14HardwareSerial17availableForWriteEv
                0x00001e94       0x1e c:\users\agva\DOCUME~1\ATMELS~1\7.0\SUCTIO~3\SUCTIO~1\ARDUIN~1\Debug\libArduinoCore.a(HardwareSerial.o)
                0x00001e94                _ZN14HardwareSerial17availableForWriteEv
 .text._Z14serialEventRunv
                0x00001eb2       0x1c c:\users\agva\DOCUME~1\ATMELS~1\7.0\SUCTIO~3\SUCTIO~1\ARDUIN~1\Debug\libArduinoCore.a(HardwareSerial.o)
                0x00001eb2                _Z14serialEventRunv
 .text._ZN14HardwareSerial17_tx_udr_empty_irqEv
                0x00001ece       0x44 c:\users\agva\DOCUME~1\ATMELS~1\7.0\SUCTIO~3\SUCTIO~1\ARDUIN~1\Debug\libArduinoCore.a(HardwareSerial.o)
                0x00001ece                _ZN14HardwareSerial17_tx_udr_empty_irqEv
 .text._ZN14HardwareSerial5writeEh
                0x00001f12       0x9a c:\users\agva\DOCUME~1\ATMELS~1\7.0\SUCTIO~3\SUCTIO~1\ARDUIN~1\Debug\libArduinoCore.a(HardwareSerial.o)
                0x00001f12                _ZN14HardwareSerial5writeEh
 .text._ZN14HardwareSerial5flushEv
                0x00001fac       0x44 c:\users\agva\DOCUME~1\ATMELS~1\7.0\SUCTIO~3\SUCTIO~1\ARDUIN~1\Debug\libArduinoCore.a(HardwareSerial.o)
                0x00001fac                _ZN14HardwareSerial5flushEv
 .text._ZN14HardwareSerial5beginEmh
                0x00001ff0       0xca c:\users\agva\DOCUME~1\ATMELS~1\7.0\SUCTIO~3\SUCTIO~1\ARDUIN~1\Debug\libArduinoCore.a(HardwareSerial.o)
                0x00001ff0                _ZN14HardwareSerial5beginEmh
 .text._ZN5Print17availableForWriteEv
                0x000020ba        0x6 c:\users\agva\DOCUME~1\ATMELS~1\7.0\SUCTIO~3\SUCTIO~1\ARDUIN~1\Debug\libArduinoCore.a(HardwareSerial0.o)
                0x000020ba                _ZN5Print17availableForWriteEv
 .text.__vector_18
                0x000020c0       0x64 c:\users\agva\DOCUME~1\ATMELS~1\7.0\SUCTIO~3\SUCTIO~1\ARDUIN~1\Debug\libArduinoCore.a(HardwareSerial0.o)
                0x000020c0                __vector_18
 .text.__vector_19
                0x00002124       0x4c c:\users\agva\DOCUME~1\ATMELS~1\7.0\SUCTIO~3\SUCTIO~1\ARDUIN~1\Debug\libArduinoCore.a(HardwareSerial0.o)
                0x00002124                __vector_19
 .text._Z17Serial0_availablev
                0x00002170       0x14 c:\users\agva\DOCUME~1\ATMELS~1\7.0\SUCTIO~3\SUCTIO~1\ARDUIN~1\Debug\libArduinoCore.a(HardwareSerial0.o)
                0x00002170                _Z17Serial0_availablev
 .text.startup._GLOBAL__sub_I___vector_18
                0x00002184       0x5a c:\users\agva\DOCUME~1\ATMELS~1\7.0\SUCTIO~3\SUCTIO~1\ARDUIN~1\Debug\libArduinoCore.a(HardwareSerial0.o)
 .text.initVariant
                0x000021de        0x2 c:\users\agva\DOCUME~1\ATMELS~1\7.0\SUCTIO~3\SUCTIO~1\ARDUIN~1\Debug\libArduinoCore.a(main.o)
                0x000021de                initVariant
 .text.startup.main
                0x000021e0       0x1e c:\users\agva\DOCUME~1\ATMELS~1\7.0\SUCTIO~3\SUCTIO~1\ARDUIN~1\Debug\libArduinoCore.a(main.o)
                0x000021e0                main
 .text._ZN5Print5writeEPKhj
                0x000021fe       0x54 c:\users\agva\DOCUME~1\ATMELS~1\7.0\SUCTIO~3\SUCTIO~1\ARDUIN~1\Debug\libArduinoCore.a(Print.o)
                0x000021fe                _ZN5Print5writeEPKhj
 .text._ZN5Print5writeEPKc
                0x00002252       0x2a c:\users\agva\DOCUME~1\ATMELS~1\7.0\SUCTIO~3\SUCTIO~1\ARDUIN~1\Debug\libArduinoCore.a(Print.o)
                0x00002252                _ZN5Print5writeEPKc
 .text._ZN5Print5printEPKc
                0x0000227c        0x4 c:\users\agva\DOCUME~1\ATMELS~1\7.0\SUCTIO~3\SUCTIO~1\ARDUIN~1\Debug\libArduinoCore.a(Print.o)
                0x0000227c                _ZN5Print5printEPKc
 .text._ZN5Print5printEc
                0x00002280        0xe c:\users\agva\DOCUME~1\ATMELS~1\7.0\SUCTIO~3\SUCTIO~1\ARDUIN~1\Debug\libArduinoCore.a(Print.o)
                0x00002280                _ZN5Print5printEc
 .text._ZN5Print7printlnEv
                0x0000228e        0x8 c:\users\agva\DOCUME~1\ATMELS~1\7.0\SUCTIO~3\SUCTIO~1\ARDUIN~1\Debug\libArduinoCore.a(Print.o)
                0x0000228e                _ZN5Print7printlnEv
 .text._ZN5Print7printlnEPKc
                0x00002296       0x24 c:\users\agva\DOCUME~1\ATMELS~1\7.0\SUCTIO~3\SUCTIO~1\ARDUIN~1\Debug\libArduinoCore.a(Print.o)
                0x00002296                _ZN5Print7printlnEPKc
 .text._ZN5Print11printNumberEmh
                0x000022ba       0x92 c:\users\agva\DOCUME~1\ATMELS~1\7.0\SUCTIO~3\SUCTIO~1\ARDUIN~1\Debug\libArduinoCore.a(Print.o)
                0x000022ba                _ZN5Print11printNumberEmh
 .text._ZN5Print5printEmi
                0x0000234c       0x1a c:\users\agva\DOCUME~1\ATMELS~1\7.0\SUCTIO~3\SUCTIO~1\ARDUIN~1\Debug\libArduinoCore.a(Print.o)
                0x0000234c                _ZN5Print5printEmi
 .text._ZN5Print5printEji
                0x00002366        0xc c:\users\agva\DOCUME~1\ATMELS~1\7.0\SUCTIO~3\SUCTIO~1\ARDUIN~1\Debug\libArduinoCore.a(Print.o)
                0x00002366                _ZN5Print5printEji
 .text._ZN5Print10printFloatEdh
                0x00002372      0x1b6 c:\users\agva\DOCUME~1\ATMELS~1\7.0\SUCTIO~3\SUCTIO~1\ARDUIN~1\Debug\libArduinoCore.a(Print.o)
                0x00002372                _ZN5Print10printFloatEdh
 .text._ZN5Print5printEdi
                0x00002528        0x4 c:\users\agva\DOCUME~1\ATMELS~1\7.0\SUCTIO~3\SUCTIO~1\ARDUIN~1\Debug\libArduinoCore.a(Print.o)
                0x00002528                _ZN5Print5printEdi
 .text.__vector_16
                0x0000252c       0x94 c:\users\agva\DOCUME~1\ATMELS~1\7.0\SUCTIO~3\SUCTIO~1\ARDUIN~1\Debug\libArduinoCore.a(wiring.o)
                0x0000252c                __vector_16
 .text.micros   0x000025c0       0x4a c:\users\agva\DOCUME~1\ATMELS~1\7.0\SUCTIO~3\SUCTIO~1\ARDUIN~1\Debug\libArduinoCore.a(wiring.o)
                0x000025c0                micros
 .text.delay    0x0000260a       0x78 c:\users\agva\DOCUME~1\ATMELS~1\7.0\SUCTIO~3\SUCTIO~1\ARDUIN~1\Debug\libArduinoCore.a(wiring.o)
                0x0000260a                delay
 .text.init     0x00002682       0x76 c:\users\agva\DOCUME~1\ATMELS~1\7.0\SUCTIO~3\SUCTIO~1\ARDUIN~1\Debug\libArduinoCore.a(wiring.o)
                0x00002682                init
 .text._Z3maplllll
                0x000026f8       0x82 c:\users\agva\DOCUME~1\ATMELS~1\7.0\SUCTIO~3\SUCTIO~1\ARDUIN~1\Debug\libArduinoCore.a(WMath.o)
                0x000026f8                _Z3maplllll
 .text._ZN7AMS5812C2ER7TwoWirehNS_10TransducerE
                0x0000277a      0x368 c:\users\agva\DOCUME~1\ATMELS~1\7.0\SUCTIO~3\SUCTIO~1\ARDUIN~1\Debug\libArduinoCore.a(AMS5812.o)
                0x0000277a                _ZN7AMS5812C1ER7TwoWirehNS_10TransducerE
                0x0000277a                _ZN7AMS5812C2ER7TwoWirehNS_10TransducerE
 .text._ZN7AMS581214getPressure_PaEv
                0x00002ae2        0xc c:\users\agva\DOCUME~1\ATMELS~1\7.0\SUCTIO~3\SUCTIO~1\ARDUIN~1\Debug\libArduinoCore.a(AMS5812.o)
                0x00002ae2                _ZN7AMS581214getPressure_PaEv
 .text._ZN7AMS581213getTransducerEv
                0x00002aee      0x10e c:\users\agva\DOCUME~1\ATMELS~1\7.0\SUCTIO~3\SUCTIO~1\ARDUIN~1\Debug\libArduinoCore.a(AMS5812.o)
                0x00002aee                _ZN7AMS581213getTransducerEv
 .text._ZN7AMS58129readBytesEPjS0_
                0x00002bfc       0xc6 c:\users\agva\DOCUME~1\ATMELS~1\7.0\SUCTIO~3\SUCTIO~1\ARDUIN~1\Debug\libArduinoCore.a(AMS5812.o)
                0x00002bfc                _ZN7AMS58129readBytesEPjS0_
 .text._ZN7AMS58125beginEv
                0x00002cc2       0x8a c:\users\agva\DOCUME~1\ATMELS~1\7.0\SUCTIO~3\SUCTIO~1\ARDUIN~1\Debug\libArduinoCore.a(AMS5812.o)
                0x00002cc2                _ZN7AMS58125beginEv
 .text._ZN7AMS581210readSensorEv
                0x00002d4c      0x148 c:\users\agva\DOCUME~1\ATMELS~1\7.0\SUCTIO~3\SUCTIO~1\ARDUIN~1\Debug\libArduinoCore.a(AMS5812.o)
                0x00002d4c                _ZN7AMS581210readSensorEv
 .text._ZN14TFT_22_ILI9225C2Eaaaah
                0x00002e94       0x4e c:\users\agva\DOCUME~1\ATMELS~1\7.0\SUCTIO~3\SUCTIO~1\ARDUIN~1\Debug\libArduinoCore.a(TFT_22_ILI9225.o)
                0x00002e94                _ZN14TFT_22_ILI9225C2Eaaaah
                0x00002e94                _ZN14TFT_22_ILI9225C1Eaaaah
 .text._ZN14TFT_22_ILI922518_orientCoordinatesERjS0_
                0x00002ee2       0x86 c:\users\agva\DOCUME~1\ATMELS~1\7.0\SUCTIO~3\SUCTIO~1\ARDUIN~1\Debug\libArduinoCore.a(TFT_22_ILI9225.o)
                0x00002ee2                _ZN14TFT_22_ILI922518_orientCoordinatesERjS0_
 .text._ZN14TFT_22_ILI922512setBacklightEb
                0x00002f68       0x1e c:\users\agva\DOCUME~1\ATMELS~1\7.0\SUCTIO~3\SUCTIO~1\ARDUIN~1\Debug\libArduinoCore.a(TFT_22_ILI9225.o)
                0x00002f68                _ZN14TFT_22_ILI922512setBacklightEb
 .text._ZN14TFT_22_ILI922514setOrientationEh
                0x00002f86       0x32 c:\users\agva\DOCUME~1\ATMELS~1\7.0\SUCTIO~3\SUCTIO~1\ARDUIN~1\Debug\libArduinoCore.a(TFT_22_ILI9225.o)
                0x00002f86                _ZN14TFT_22_ILI922514setOrientationEh
 .text._ZN14TFT_22_ILI92254maxXEv
                0x00002fb8        0x8 c:\users\agva\DOCUME~1\ATMELS~1\7.0\SUCTIO~3\SUCTIO~1\ARDUIN~1\Debug\libArduinoCore.a(TFT_22_ILI9225.o)
                0x00002fb8                _ZN14TFT_22_ILI92254maxXEv
 .text._ZN14TFT_22_ILI92254maxYEv
                0x00002fc0        0x8 c:\users\agva\DOCUME~1\ATMELS~1\7.0\SUCTIO~3\SUCTIO~1\ARDUIN~1\Debug\libArduinoCore.a(TFT_22_ILI9225.o)
                0x00002fc0                _ZN14TFT_22_ILI92254maxYEv
 .text._ZN14TFT_22_ILI922515_writeCommand16Ej
                0x00002fc8       0x94 c:\users\agva\DOCUME~1\ATMELS~1\7.0\SUCTIO~3\SUCTIO~1\ARDUIN~1\Debug\libArduinoCore.a(TFT_22_ILI9225.o)
                0x00002fc8                _ZN14TFT_22_ILI922515_writeCommand16Ej
 .text._ZN14TFT_22_ILI922512_writeData16Ej
                0x0000305c       0x92 c:\users\agva\DOCUME~1\ATMELS~1\7.0\SUCTIO~3\SUCTIO~1\ARDUIN~1\Debug\libArduinoCore.a(TFT_22_ILI9225.o)
                0x0000305c                _ZN14TFT_22_ILI922512_writeData16Ej
 .text._ZN14TFT_22_ILI922514_writeRegisterEjj
                0x000030ee       0x20 c:\users\agva\DOCUME~1\ATMELS~1\7.0\SUCTIO~3\SUCTIO~1\ARDUIN~1\Debug\libArduinoCore.a(TFT_22_ILI9225.o)
                0x000030ee                _ZN14TFT_22_ILI922514_writeRegisterEjj
 .text._ZN14TFT_22_ILI922512_resetWindowEv
                0x0000310e       0x40 c:\users\agva\DOCUME~1\ATMELS~1\7.0\SUCTIO~3\SUCTIO~1\ARDUIN~1\Debug\libArduinoCore.a(TFT_22_ILI9225.o)
                0x0000310e                _ZN14TFT_22_ILI922512_resetWindowEv
 .text._ZN14TFT_22_ILI922510startWriteEv
                0x0000314e       0x7e c:\users\agva\DOCUME~1\ATMELS~1\7.0\SUCTIO~3\SUCTIO~1\ARDUIN~1\Debug\libArduinoCore.a(TFT_22_ILI9225.o)
                0x0000314e                _ZN14TFT_22_ILI922510startWriteEv
 .text._ZN14TFT_22_ILI92258endWriteEv
                0x000031cc       0x60 c:\users\agva\DOCUME~1\ATMELS~1\7.0\SUCTIO~3\SUCTIO~1\ARDUIN~1\Debug\libArduinoCore.a(TFT_22_ILI9225.o)
                0x000031cc                _ZN14TFT_22_ILI92258endWriteEv
 .text._ZN14TFT_22_ILI922510_setWindowEjjjj13autoIncMode_t
                0x0000322c      0x2f2 c:\users\agva\DOCUME~1\ATMELS~1\7.0\SUCTIO~3\SUCTIO~1\ARDUIN~1\Debug\libArduinoCore.a(TFT_22_ILI9225.o)
                0x0000322c                _ZN14TFT_22_ILI922510_setWindowEjjjj13autoIncMode_t
 .text._ZN14TFT_22_ILI922510_setWindowEjjjj
                0x0000351e       0x16 c:\users\agva\DOCUME~1\ATMELS~1\7.0\SUCTIO~3\SUCTIO~1\ARDUIN~1\Debug\libArduinoCore.a(TFT_22_ILI9225.o)
                0x0000351e                _ZN14TFT_22_ILI922510_setWindowEjjjj
 .text._ZN14TFT_22_ILI922513fillRectangleEjjjjj
                0x00003534       0x8c c:\users\agva\DOCUME~1\ATMELS~1\7.0\SUCTIO~3\SUCTIO~1\ARDUIN~1\Debug\libArduinoCore.a(TFT_22_ILI9225.o)
                0x00003534                _ZN14TFT_22_ILI922513fillRectangleEjjjjj
 .text._ZN14TFT_22_ILI92255clearEv
                0x000035c0       0x5c c:\users\agva\DOCUME~1\ATMELS~1\7.0\SUCTIO~3\SUCTIO~1\ARDUIN~1\Debug\libArduinoCore.a(TFT_22_ILI9225.o)
                0x000035c0                _ZN14TFT_22_ILI92255clearEv
 .text._ZN14TFT_22_ILI92255beginEv
                0x0000361c      0x484 c:\users\agva\DOCUME~1\ATMELS~1\7.0\SUCTIO~3\SUCTIO~1\ARDUIN~1\Debug\libArduinoCore.a(TFT_22_ILI9225.o)
                0x0000361c                _ZN14TFT_22_ILI92255beginEv
 .text._ZN14TFT_22_ILI92259drawPixelEjjj
                0x00003aa0       0x9a c:\users\agva\DOCUME~1\ATMELS~1\7.0\SUCTIO~3\SUCTIO~1\ARDUIN~1\Debug\libArduinoCore.a(TFT_22_ILI9225.o)
                0x00003aa0                _ZN14TFT_22_ILI92259drawPixelEjjj
 .text._ZN14TFT_22_ILI922510drawCircleEjjjj
                0x00003b3a      0x1c2 c:\users\agva\DOCUME~1\ATMELS~1\7.0\SUCTIO~3\SUCTIO~1\ARDUIN~1\Debug\libArduinoCore.a(TFT_22_ILI9225.o)
                0x00003b3a                _ZN14TFT_22_ILI922510drawCircleEjjjj
 .text._ZN14TFT_22_ILI92258drawLineEjjjjj
                0x00003cfc      0x162 c:\users\agva\DOCUME~1\ATMELS~1\7.0\SUCTIO~3\SUCTIO~1\ARDUIN~1\Debug\libArduinoCore.a(TFT_22_ILI9225.o)
                0x00003cfc                _ZN14TFT_22_ILI92258drawLineEjjjjj
 .text._ZN14TFT_22_ILI922513drawRectangleEjjjjj
                0x00003e5e       0x88 c:\users\agva\DOCUME~1\ATMELS~1\7.0\SUCTIO~3\SUCTIO~1\ARDUIN~1\Debug\libArduinoCore.a(TFT_22_ILI9225.o)
                0x00003e5e                _ZN14TFT_22_ILI922513drawRectangleEjjjjj
 .text._ZN14TFT_22_ILI922511_drawBitmapEiiPKhiijjbbb
                0x00003ee6      0x316 c:\users\agva\DOCUME~1\ATMELS~1\7.0\SUCTIO~3\SUCTIO~1\ARDUIN~1\Debug\libArduinoCore.a(TFT_22_ILI9225.o)
                0x00003ee6                _ZN14TFT_22_ILI922511_drawBitmapEiiPKhiijjbbb
 .text._ZN14TFT_22_ILI922510drawBitmapEiiPKhiij
                0x000041fc       0x3c c:\users\agva\DOCUME~1\ATMELS~1\7.0\SUCTIO~3\SUCTIO~1\ARDUIN~1\Debug\libArduinoCore.a(TFT_22_ILI9225.o)
                0x000041fc                _ZN14TFT_22_ILI922510drawBitmapEiiPKhiij
 .text._ZN7TwoWire9availableEv
                0x00004238       0x10 c:\users\agva\DOCUME~1\ATMELS~1\7.0\SUCTIO~3\SUCTIO~1\ARDUIN~1\Debug\libArduinoCore.a(Wire.o)
                0x00004238                _ZN7TwoWire9availableEv
 .text._ZN7TwoWire4readEv
                0x00004248       0x28 c:\users\agva\DOCUME~1\ATMELS~1\7.0\SUCTIO~3\SUCTIO~1\ARDUIN~1\Debug\libArduinoCore.a(Wire.o)
                0x00004248                _ZN7TwoWire4readEv
 .text._ZN7TwoWire4peekEv
                0x00004270       0x1e c:\users\agva\DOCUME~1\ATMELS~1\7.0\SUCTIO~3\SUCTIO~1\ARDUIN~1\Debug\libArduinoCore.a(Wire.o)
                0x00004270                _ZN7TwoWire4peekEv
 .text._ZN7TwoWire5flushEv
                0x0000428e        0x2 c:\users\agva\DOCUME~1\ATMELS~1\7.0\SUCTIO~3\SUCTIO~1\ARDUIN~1\Debug\libArduinoCore.a(Wire.o)
                0x0000428e                _ZN7TwoWire5flushEv
 .text._ZN7TwoWire16onReceiveServiceEPhi
                0x00004290       0x54 c:\users\agva\DOCUME~1\ATMELS~1\7.0\SUCTIO~3\SUCTIO~1\ARDUIN~1\Debug\libArduinoCore.a(Wire.o)
                0x00004290                _ZN7TwoWire16onReceiveServiceEPhi
 .text._ZN7TwoWire16onRequestServiceEv
                0x000042e4       0x18 c:\users\agva\DOCUME~1\ATMELS~1\7.0\SUCTIO~3\SUCTIO~1\ARDUIN~1\Debug\libArduinoCore.a(Wire.o)
                0x000042e4                _ZN7TwoWire16onRequestServiceEv
 .text._ZN7TwoWire5writeEPKhj
                0x000042fc       0x5a c:\users\agva\DOCUME~1\ATMELS~1\7.0\SUCTIO~3\SUCTIO~1\ARDUIN~1\Debug\libArduinoCore.a(Wire.o)
                0x000042fc                _ZN7TwoWire5writeEPKhj
 .text._ZN7TwoWire5writeEh
                0x00004356       0x5e c:\users\agva\DOCUME~1\ATMELS~1\7.0\SUCTIO~3\SUCTIO~1\ARDUIN~1\Debug\libArduinoCore.a(Wire.o)
                0x00004356                _ZN7TwoWire5writeEh
 .text._ZN7TwoWireC2Ev
                0x000043b4       0x20 c:\users\agva\DOCUME~1\ATMELS~1\7.0\SUCTIO~3\SUCTIO~1\ARDUIN~1\Debug\libArduinoCore.a(Wire.o)
                0x000043b4                _ZN7TwoWireC1Ev
                0x000043b4                _ZN7TwoWireC2Ev
 .text._ZN7TwoWire5beginEv
                0x000043d4       0x24 c:\users\agva\DOCUME~1\ATMELS~1\7.0\SUCTIO~3\SUCTIO~1\ARDUIN~1\Debug\libArduinoCore.a(Wire.o)
                0x000043d4                _ZN7TwoWire5beginEv
 .text._ZN7TwoWire8setClockEm
                0x000043f8        0x8 c:\users\agva\DOCUME~1\ATMELS~1\7.0\SUCTIO~3\SUCTIO~1\ARDUIN~1\Debug\libArduinoCore.a(Wire.o)
                0x000043f8                _ZN7TwoWire8setClockEm
 .text._ZN7TwoWire17beginTransmissionEh
                0x00004400       0x14 c:\users\agva\DOCUME~1\ATMELS~1\7.0\SUCTIO~3\SUCTIO~1\ARDUIN~1\Debug\libArduinoCore.a(Wire.o)
                0x00004400                _ZN7TwoWire17beginTransmissionEh
 .text._ZN7TwoWire15endTransmissionEh
                0x00004414       0x26 c:\users\agva\DOCUME~1\ATMELS~1\7.0\SUCTIO~3\SUCTIO~1\ARDUIN~1\Debug\libArduinoCore.a(Wire.o)
                0x00004414                _ZN7TwoWire15endTransmissionEh
 .text._ZN7TwoWire11requestFromEhhmhh
                0x0000443a       0xa8 c:\users\agva\DOCUME~1\ATMELS~1\7.0\SUCTIO~3\SUCTIO~1\ARDUIN~1\Debug\libArduinoCore.a(Wire.o)
                0x0000443a                _ZN7TwoWire11requestFromEhhmhh
 .text._ZN7TwoWire11requestFromEhhh
                0x000044e2       0x20 c:\users\agva\DOCUME~1\ATMELS~1\7.0\SUCTIO~3\SUCTIO~1\ARDUIN~1\Debug\libArduinoCore.a(Wire.o)
                0x000044e2                _ZN7TwoWire11requestFromEhhh
 .text._ZN7TwoWire11requestFromEhh
                0x00004502        0x6 c:\users\agva\DOCUME~1\ATMELS~1\7.0\SUCTIO~3\SUCTIO~1\ARDUIN~1\Debug\libArduinoCore.a(Wire.o)
                0x00004502                _ZN7TwoWire11requestFromEhh
 .text.startup._GLOBAL__sub_I__ZN7TwoWire8rxBufferE
                0x00004508        0x8 c:\users\agva\DOCUME~1\ATMELS~1\7.0\SUCTIO~3\SUCTIO~1\ARDUIN~1\Debug\libArduinoCore.a(Wire.o)
 .text.__empty  0x00004510        0x2 c:\users\agva\DOCUME~1\ATMELS~1\7.0\SUCTIO~3\SUCTIO~1\ARDUIN~1\Debug\libArduinoCore.a(hooks.o)
                0x00004510                yield
 .text.analogWrite
                0x00004512       0xbe c:\users\agva\DOCUME~1\ATMELS~1\7.0\SUCTIO~3\SUCTIO~1\ARDUIN~1\Debug\libArduinoCore.a(wiring_analog.o)
                0x00004512                analogWrite
 .text.turnOffPWM
                0x000045d0       0x52 c:\users\agva\DOCUME~1\ATMELS~1\7.0\SUCTIO~3\SUCTIO~1\ARDUIN~1\Debug\libArduinoCore.a(wiring_digital.o)
 .text.pinMode  0x00004622       0x78 c:\users\agva\DOCUME~1\ATMELS~1\7.0\SUCTIO~3\SUCTIO~1\ARDUIN~1\Debug\libArduinoCore.a(wiring_digital.o)
                0x00004622                pinMode
 .text.digitalWrite
                0x0000469a       0x5e c:\users\agva\DOCUME~1\ATMELS~1\7.0\SUCTIO~3\SUCTIO~1\ARDUIN~1\Debug\libArduinoCore.a(wiring_digital.o)
                0x0000469a                digitalWrite
 .text._ZN8SPIClass5beginEv
                0x000046f8       0x6c c:\users\agva\DOCUME~1\ATMELS~1\7.0\SUCTIO~3\SUCTIO~1\ARDUIN~1\Debug\libArduinoCore.a(SPI.o)
                0x000046f8                _ZN8SPIClass5beginEv
 .text.twi_init
                0x00004764       0x3c c:\users\agva\DOCUME~1\ATMELS~1\7.0\SUCTIO~3\SUCTIO~1\ARDUIN~1\Debug\libArduinoCore.a(twi.o)
                0x00004764                twi_init
 .text.twi_disable
                0x000047a0       0x1a c:\users\agva\DOCUME~1\ATMELS~1\7.0\SUCTIO~3\SUCTIO~1\ARDUIN~1\Debug\libArduinoCore.a(twi.o)
                0x000047a0                twi_disable
 .text.twi_setFrequency
                0x000047ba       0x28 c:\users\agva\DOCUME~1\ATMELS~1\7.0\SUCTIO~3\SUCTIO~1\ARDUIN~1\Debug\libArduinoCore.a(twi.o)
                0x000047ba                twi_setFrequency
 .text.twi_transmit
                0x000047e2       0x50 c:\users\agva\DOCUME~1\ATMELS~1\7.0\SUCTIO~3\SUCTIO~1\ARDUIN~1\Debug\libArduinoCore.a(twi.o)
                0x000047e2                twi_transmit
 .text.twi_attachSlaveRxEvent
                0x00004832        0xa c:\users\agva\DOCUME~1\ATMELS~1\7.0\SUCTIO~3\SUCTIO~1\ARDUIN~1\Debug\libArduinoCore.a(twi.o)
                0x00004832                twi_attachSlaveRxEvent
 .text.twi_attachSlaveTxEvent
                0x0000483c        0xa c:\users\agva\DOCUME~1\ATMELS~1\7.0\SUCTIO~3\SUCTIO~1\ARDUIN~1\Debug\libArduinoCore.a(twi.o)
                0x0000483c                twi_attachSlaveTxEvent
 .text.twi_releaseBus
                0x00004846        0xc c:\users\agva\DOCUME~1\ATMELS~1\7.0\SUCTIO~3\SUCTIO~1\ARDUIN~1\Debug\libArduinoCore.a(twi.o)
                0x00004846                twi_releaseBus
 .text.twi_handleTimeout
                0x00004852       0x2c c:\users\agva\DOCUME~1\ATMELS~1\7.0\SUCTIO~3\SUCTIO~1\ARDUIN~1\Debug\libArduinoCore.a(twi.o)
                0x00004852                twi_handleTimeout
 .text.twi_readFrom
                0x0000487e      0x1d2 c:\users\agva\DOCUME~1\ATMELS~1\7.0\SUCTIO~3\SUCTIO~1\ARDUIN~1\Debug\libArduinoCore.a(twi.o)
                0x0000487e                twi_readFrom
 .text.twi_writeTo
                0x00004a50      0x1e0 c:\users\agva\DOCUME~1\ATMELS~1\7.0\SUCTIO~3\SUCTIO~1\ARDUIN~1\Debug\libArduinoCore.a(twi.o)
                0x00004a50                twi_writeTo
 .text.twi_stop
                0x00004c30       0x70 c:\users\agva\DOCUME~1\ATMELS~1\7.0\SUCTIO~3\SUCTIO~1\ARDUIN~1\Debug\libArduinoCore.a(twi.o)
                0x00004c30                twi_stop
 .text.__vector_24
                0x00004ca0      0x25a c:\users\agva\DOCUME~1\ATMELS~1\7.0\SUCTIO~3\SUCTIO~1\ARDUIN~1\Debug\libArduinoCore.a(twi.o)
                0x00004ca0                __vector_24
 .text.avr-libc.fplib
                0x00004efa        0xa c:/program files (x86)/atmel/studio/7.0/toolchain/avr8/avr8-gnu-toolchain/bin/../lib/gcc/avr/5.4.0/../../../../avr/lib/avr5\libm.a(cmpsf2.o)
                0x00004efa                __nesf2
                0x00004efa                __eqsf2
                0x00004efa                __cmpsf2
                0x00004efa                __ltsf2
                0x00004efa                __lesf2
 .text.avr-libc.fplib
                0x00004f04        0xa c:/program files (x86)/atmel/studio/7.0/toolchain/avr8/avr8-gnu-toolchain/bin/../lib/gcc/avr/5.4.0/../../../../avr/lib/avr5\libm.a(unordsf2.o)
                0x00004f04                __unordsf2
 .text.libgcc.mul
                0x00004f0e       0x20 c:/program files (x86)/atmel/studio/7.0/toolchain/avr8/avr8-gnu-toolchain/bin/../lib/gcc/avr/5.4.0/avr5\libgcc.a(_mulsi3.o)
                0x00004f0e                __mulsi3
 .text.libgcc.div
                0x00004f2e       0x44 c:/program files (x86)/atmel/studio/7.0/toolchain/avr8/avr8-gnu-toolchain/bin/../lib/gcc/avr/5.4.0/avr5\libgcc.a(_udivmodsi4.o)
                0x00004f2e                __udivmodsi4
 .text.libgcc.div
                0x00004f72       0x2e c:/program files (x86)/atmel/studio/7.0/toolchain/avr8/avr8-gnu-toolchain/bin/../lib/gcc/avr/5.4.0/avr5\libgcc.a(_divmodsi4.o)
                0x00004f72                __divmodsi4
 .text.libgcc.div
                0x00004fa0       0x10 c:/program files (x86)/atmel/studio/7.0/toolchain/avr8/avr8-gnu-toolchain/bin/../lib/gcc/avr/5.4.0/avr5\libgcc.a(_negsi2.o)
                0x00004fa0                __negsi2
 .text.libgcc   0x00004fb0        0xc c:/program files (x86)/atmel/studio/7.0/toolchain/avr8/avr8-gnu-toolchain/bin/../lib/gcc/avr/5.4.0/avr5\libgcc.a(_tablejump2.o)
                0x00004fb0                __tablejump2__
 .text.libgcc.mul
                0x00004fbc       0x16 c:/program files (x86)/atmel/studio/7.0/toolchain/avr8/avr8-gnu-toolchain/bin/../lib/gcc/avr/5.4.0/avr5\libgcc.a(_muluhisi3.o)
                0x00004fbc                __muluhisi3
 .text.libgcc.mul
                0x00004fd2       0x1e c:/program files (x86)/atmel/studio/7.0/toolchain/avr8/avr8-gnu-toolchain/bin/../lib/gcc/avr/5.4.0/avr5\libgcc.a(_umulhisi3.o)
                0x00004fd2                __umulhisi3
 .text.avr-libc
                0x00004ff0       0x44 c:/program files (x86)/atmel/studio/7.0/toolchain/avr8/avr8-gnu-toolchain/bin/../lib/gcc/avr/5.4.0/../../../../avr/lib/avr5\libc.a(sprintf.o)
                0x00004ff0                sprintf
 .text.avr-libc
                0x00005034      0x3c2 c:/program files (x86)/atmel/studio/7.0/toolchain/avr8/avr8-gnu-toolchain/bin/../lib/gcc/avr/5.4.0/../../../../avr/lib/avr5\libc.a(vfprintf_std.o)
                0x00005034                vfprintf
 .text.avr-libc
                0x000053f6       0x16 c:/program files (x86)/atmel/studio/7.0/toolchain/avr8/avr8-gnu-toolchain/bin/../lib/gcc/avr/5.4.0/../../../../avr/lib/avr5\libc.a(strnlen_P.o)
                0x000053f6                strnlen_P
 .text.avr-libc
                0x0000540c       0x16 c:/program files (x86)/atmel/studio/7.0/toolchain/avr8/avr8-gnu-toolchain/bin/../lib/gcc/avr/5.4.0/../../../../avr/lib/avr5\libc.a(strnlen.o)
                0x0000540c                strnlen
 .text.avr-libc
                0x00005422       0x78 c:/program files (x86)/atmel/studio/7.0/toolchain/avr8/avr8-gnu-toolchain/bin/../lib/gcc/avr/5.4.0/../../../../avr/lib/avr5\libc.a(fputc.o)
                0x00005422                fputc
 .text.avr-libc
                0x0000549a       0xbc c:/program files (x86)/atmel/studio/7.0/toolchain/avr8/avr8-gnu-toolchain/bin/../lib/gcc/avr/5.4.0/../../../../avr/lib/avr5\libc.a(ultoa_invert.o)
                0x0000549a                __ultoa_invert
 .text.libgcc.prologue
                0x00005556       0x38 c:/program files (x86)/atmel/studio/7.0/toolchain/avr8/avr8-gnu-toolchain/bin/../lib/gcc/avr/5.4.0/avr5\libgcc.a(_prologue.o)
                0x00005556                __prologue_saves__
 .text.libgcc.prologue
                0x0000558e       0x36 c:/program files (x86)/atmel/studio/7.0/toolchain/avr8/avr8-gnu-toolchain/bin/../lib/gcc/avr/5.4.0/avr5\libgcc.a(_epilogue.o)
                0x0000558e                __epilogue_restores__
                0x000055c4                . = ALIGN (0x2)
 *(.fini9)
 .fini9         0x000055c4        0x0 c:/program files (x86)/atmel/studio/7.0/toolchain/avr8/avr8-gnu-toolchain/bin/../lib/gcc/avr/5.4.0/avr5\libgcc.a(_exit.o)
                0x000055c4                _exit
                0x000055c4                exit
 *(.fini9)
 *(.fini8)
 *(.fini8)
 *(.fini7)
 *(.fini7)
 *(.fini6)
 *(.fini6)
 *(.fini5)
 *(.fini5)
 *(.fini4)
 *(.fini4)
 *(.fini3)
 *(.fini3)
 *(.fini2)
 *(.fini2)
 *(.fini1)
 *(.fini1)
 *(.fini0)
 .fini0         0x000055c4        0x4 c:/program files (x86)/atmel/studio/7.0/toolchain/avr8/avr8-gnu-toolchain/bin/../lib/gcc/avr/5.4.0/avr5\libgcc.a(_exit.o)
 *(.fini0)
                0x000055c8                _etext = .

.data           0x00800100      0x118 load address 0x000055c8
                0x00800100                PROVIDE (__data_start, .)
 *(.data)
 *(.data*)
 .data.Current_Angle
                0x00800100        0x2 main.o
                0x00800100                Current_Angle
 .data.Previous_Angle
                0x00800102        0x2 main.o
                0x00800102                Previous_Angle
 *(.gnu.linkonce.d*)
 *(.rodata)
 .rodata        0x00800104       0x18 c:\users\agva\DOCUME~1\ATMELS~1\7.0\SUCTIO~3\SUCTIO~1\ARDUIN~1\Debug\libArduinoCore.a(TFT_22_ILI9225.o)
 *(.rodata*)
 .rodata.str1.1
                0x0080011c       0x4e main.o
                                 0x50 (size before relaxing)
 .rodata._ZTV14HardwareSerial
                0x0080016a       0x12 c:\users\agva\DOCUME~1\ATMELS~1\7.0\SUCTIO~3\SUCTIO~1\ARDUIN~1\Debug\libArduinoCore.a(HardwareSerial.o)
                0x0080016a                _ZTV14HardwareSerial
 .rodata.str1.1
                0x0080017c        0xf c:\users\agva\DOCUME~1\ATMELS~1\7.0\SUCTIO~3\SUCTIO~1\ARDUIN~1\Debug\libArduinoCore.a(Print.o)
 .rodata.str1.1
                0x0080018b       0x7b c:\users\agva\DOCUME~1\ATMELS~1\7.0\SUCTIO~3\SUCTIO~1\ARDUIN~1\Debug\libArduinoCore.a(TFT_22_ILI9225.o)
 .rodata._ZTV7TwoWire
                0x00800206       0x12 c:\users\agva\DOCUME~1\ATMELS~1\7.0\SUCTIO~3\SUCTIO~1\ARDUIN~1\Debug\libArduinoCore.a(Wire.o)
                0x00800206                _ZTV7TwoWire
 *(.gnu.linkonce.r*)
                0x00800218                . = ALIGN (0x2)
                0x00800218                _edata = .
                0x00800218                PROVIDE (__data_end, .)

.bss            0x00800218      0x2aa
                0x00800218                PROVIDE (__bss_start, .)
 *(.bss)
 *(.bss*)
 .bss.dPress    0x00800218       0xea main.o
                0x00800218                dPress
 .bss.tft       0x00800302       0x44 main.o
                0x00800302                tft
 .bss.Current_Pressure
                0x00800346        0x2 main.o
                0x00800346                Current_Pressure
 .bss.Previous_Pressure
                0x00800348        0x2 main.o
                0x00800348                Previous_Pressure
 .bss.pressure  0x0080034a        0x4 main.o
                0x0080034a                pressure
 .bss.Serial    0x0080034e       0x9d c:\users\agva\DOCUME~1\ATMELS~1\7.0\SUCTIO~3\SUCTIO~1\ARDUIN~1\Debug\libArduinoCore.a(HardwareSerial0.o)
                0x0080034e                Serial
 .bss.timer0_fract
                0x008003eb        0x1 c:\users\agva\DOCUME~1\ATMELS~1\7.0\SUCTIO~3\SUCTIO~1\ARDUIN~1\Debug\libArduinoCore.a(wiring.o)
 .bss.timer0_millis
                0x008003ec        0x4 c:\users\agva\DOCUME~1\ATMELS~1\7.0\SUCTIO~3\SUCTIO~1\ARDUIN~1\Debug\libArduinoCore.a(wiring.o)
                0x008003ec                timer0_millis
 .bss.timer0_overflow_count
                0x008003f0        0x4 c:\users\agva\DOCUME~1\ATMELS~1\7.0\SUCTIO~3\SUCTIO~1\ARDUIN~1\Debug\libArduinoCore.a(wiring.o)
                0x008003f0                timer0_overflow_count
 .bss.Wire      0x008003f4        0xc c:\users\agva\DOCUME~1\ATMELS~1\7.0\SUCTIO~3\SUCTIO~1\ARDUIN~1\Debug\libArduinoCore.a(Wire.o)
                0x008003f4                Wire
 .bss._ZN7TwoWire14user_onReceiveE
                0x00800400        0x2 c:\users\agva\DOCUME~1\ATMELS~1\7.0\SUCTIO~3\SUCTIO~1\ARDUIN~1\Debug\libArduinoCore.a(Wire.o)
                0x00800400                _ZN7TwoWire14user_onReceiveE
 .bss._ZN7TwoWire14user_onRequestE
                0x00800402        0x2 c:\users\agva\DOCUME~1\ATMELS~1\7.0\SUCTIO~3\SUCTIO~1\ARDUIN~1\Debug\libArduinoCore.a(Wire.o)
                0x00800402                _ZN7TwoWire14user_onRequestE
 .bss._ZN7TwoWire12transmittingE
                0x00800404        0x1 c:\users\agva\DOCUME~1\ATMELS~1\7.0\SUCTIO~3\SUCTIO~1\ARDUIN~1\Debug\libArduinoCore.a(Wire.o)
                0x00800404                _ZN7TwoWire12transmittingE
 .bss._ZN7TwoWire14txBufferLengthE
                0x00800405        0x1 c:\users\agva\DOCUME~1\ATMELS~1\7.0\SUCTIO~3\SUCTIO~1\ARDUIN~1\Debug\libArduinoCore.a(Wire.o)
                0x00800405                _ZN7TwoWire14txBufferLengthE
 .bss._ZN7TwoWire13txBufferIndexE
                0x00800406        0x1 c:\users\agva\DOCUME~1\ATMELS~1\7.0\SUCTIO~3\SUCTIO~1\ARDUIN~1\Debug\libArduinoCore.a(Wire.o)
                0x00800406                _ZN7TwoWire13txBufferIndexE
 .bss._ZN7TwoWire8txBufferE
                0x00800407       0x20 c:\users\agva\DOCUME~1\ATMELS~1\7.0\SUCTIO~3\SUCTIO~1\ARDUIN~1\Debug\libArduinoCore.a(Wire.o)
                0x00800407                _ZN7TwoWire8txBufferE
 .bss._ZN7TwoWire9txAddressE
                0x00800427        0x1 c:\users\agva\DOCUME~1\ATMELS~1\7.0\SUCTIO~3\SUCTIO~1\ARDUIN~1\Debug\libArduinoCore.a(Wire.o)
                0x00800427                _ZN7TwoWire9txAddressE
 .bss._ZN7TwoWire14rxBufferLengthE
                0x00800428        0x1 c:\users\agva\DOCUME~1\ATMELS~1\7.0\SUCTIO~3\SUCTIO~1\ARDUIN~1\Debug\libArduinoCore.a(Wire.o)
                0x00800428                _ZN7TwoWire14rxBufferLengthE
 .bss._ZN7TwoWire13rxBufferIndexE
                0x00800429        0x1 c:\users\agva\DOCUME~1\ATMELS~1\7.0\SUCTIO~3\SUCTIO~1\ARDUIN~1\Debug\libArduinoCore.a(Wire.o)
                0x00800429                _ZN7TwoWire13rxBufferIndexE
 .bss._ZN7TwoWire8rxBufferE
                0x0080042a       0x20 c:\users\agva\DOCUME~1\ATMELS~1\7.0\SUCTIO~3\SUCTIO~1\ARDUIN~1\Debug\libArduinoCore.a(Wire.o)
                0x0080042a                _ZN7TwoWire8rxBufferE
 .bss._ZN8SPIClass13interruptSaveE
                0x0080044a        0x1 c:\users\agva\DOCUME~1\ATMELS~1\7.0\SUCTIO~3\SUCTIO~1\ARDUIN~1\Debug\libArduinoCore.a(SPI.o)
                0x0080044a                _ZN8SPIClass13interruptSaveE
 .bss._ZN8SPIClass13interruptMaskE
                0x0080044b        0x1 c:\users\agva\DOCUME~1\ATMELS~1\7.0\SUCTIO~3\SUCTIO~1\ARDUIN~1\Debug\libArduinoCore.a(SPI.o)
                0x0080044b                _ZN8SPIClass13interruptMaskE
 .bss._ZN8SPIClass13interruptModeE
                0x0080044c        0x1 c:\users\agva\DOCUME~1\ATMELS~1\7.0\SUCTIO~3\SUCTIO~1\ARDUIN~1\Debug\libArduinoCore.a(SPI.o)
                0x0080044c                _ZN8SPIClass13interruptModeE
 .bss._ZN8SPIClass11initializedE
                0x0080044d        0x1 c:\users\agva\DOCUME~1\ATMELS~1\7.0\SUCTIO~3\SUCTIO~1\ARDUIN~1\Debug\libArduinoCore.a(SPI.o)
                0x0080044d                _ZN8SPIClass11initializedE
 .bss.twi_error
                0x0080044e        0x1 c:\users\agva\DOCUME~1\ATMELS~1\7.0\SUCTIO~3\SUCTIO~1\ARDUIN~1\Debug\libArduinoCore.a(twi.o)
 .bss.twi_rxBufferIndex
                0x0080044f        0x1 c:\users\agva\DOCUME~1\ATMELS~1\7.0\SUCTIO~3\SUCTIO~1\ARDUIN~1\Debug\libArduinoCore.a(twi.o)
 .bss.twi_rxBuffer
                0x00800450       0x20 c:\users\agva\DOCUME~1\ATMELS~1\7.0\SUCTIO~3\SUCTIO~1\ARDUIN~1\Debug\libArduinoCore.a(twi.o)
 .bss.twi_txBufferLength
                0x00800470        0x1 c:\users\agva\DOCUME~1\ATMELS~1\7.0\SUCTIO~3\SUCTIO~1\ARDUIN~1\Debug\libArduinoCore.a(twi.o)
 .bss.twi_txBufferIndex
                0x00800471        0x1 c:\users\agva\DOCUME~1\ATMELS~1\7.0\SUCTIO~3\SUCTIO~1\ARDUIN~1\Debug\libArduinoCore.a(twi.o)
 .bss.twi_txBuffer
                0x00800472       0x20 c:\users\agva\DOCUME~1\ATMELS~1\7.0\SUCTIO~3\SUCTIO~1\ARDUIN~1\Debug\libArduinoCore.a(twi.o)
 .bss.twi_masterBufferLength
                0x00800492        0x1 c:\users\agva\DOCUME~1\ATMELS~1\7.0\SUCTIO~3\SUCTIO~1\ARDUIN~1\Debug\libArduinoCore.a(twi.o)
 .bss.twi_masterBufferIndex
                0x00800493        0x1 c:\users\agva\DOCUME~1\ATMELS~1\7.0\SUCTIO~3\SUCTIO~1\ARDUIN~1\Debug\libArduinoCore.a(twi.o)
 .bss.twi_masterBuffer
                0x00800494       0x20 c:\users\agva\DOCUME~1\ATMELS~1\7.0\SUCTIO~3\SUCTIO~1\ARDUIN~1\Debug\libArduinoCore.a(twi.o)
 .bss.twi_onSlaveReceive
                0x008004b4        0x2 c:\users\agva\DOCUME~1\ATMELS~1\7.0\SUCTIO~3\SUCTIO~1\ARDUIN~1\Debug\libArduinoCore.a(twi.o)
 .bss.twi_onSlaveTransmit
                0x008004b6        0x2 c:\users\agva\DOCUME~1\ATMELS~1\7.0\SUCTIO~3\SUCTIO~1\ARDUIN~1\Debug\libArduinoCore.a(twi.o)
 .bss.twi_do_reset_on_timeout
                0x008004b8        0x1 c:\users\agva\DOCUME~1\ATMELS~1\7.0\SUCTIO~3\SUCTIO~1\ARDUIN~1\Debug\libArduinoCore.a(twi.o)
 .bss.twi_timed_out_flag
                0x008004b9        0x1 c:\users\agva\DOCUME~1\ATMELS~1\7.0\SUCTIO~3\SUCTIO~1\ARDUIN~1\Debug\libArduinoCore.a(twi.o)
 .bss.twi_timeout_us
                0x008004ba        0x4 c:\users\agva\DOCUME~1\ATMELS~1\7.0\SUCTIO~3\SUCTIO~1\ARDUIN~1\Debug\libArduinoCore.a(twi.o)
 .bss.twi_inRepStart
                0x008004be        0x1 c:\users\agva\DOCUME~1\ATMELS~1\7.0\SUCTIO~3\SUCTIO~1\ARDUIN~1\Debug\libArduinoCore.a(twi.o)
 .bss.twi_sendStop
                0x008004bf        0x1 c:\users\agva\DOCUME~1\ATMELS~1\7.0\SUCTIO~3\SUCTIO~1\ARDUIN~1\Debug\libArduinoCore.a(twi.o)
 .bss.twi_slarw
                0x008004c0        0x1 c:\users\agva\DOCUME~1\ATMELS~1\7.0\SUCTIO~3\SUCTIO~1\ARDUIN~1\Debug\libArduinoCore.a(twi.o)
 .bss.twi_state
                0x008004c1        0x1 c:\users\agva\DOCUME~1\ATMELS~1\7.0\SUCTIO~3\SUCTIO~1\ARDUIN~1\Debug\libArduinoCore.a(twi.o)
 *(COMMON)
                0x008004c2                PROVIDE (__bss_end, .)
                0x000055c8                __data_load_start = LOADADDR (.data)
                0x000056e0                __data_load_end = (__data_load_start + SIZEOF (.data))

.noinit         0x008004c2        0x0
                [!provide]                PROVIDE (__noinit_start, .)
 *(.noinit*)
                [!provide]                PROVIDE (__noinit_end, .)
                0x008004c2                _end = .
                0x008004c2                PROVIDE (__heap_start, .)

.eeprom         0x00810000        0x0
 *(.eeprom*)
                0x00810000                __eeprom_end = .

.fuse
 *(.fuse)
 *(.lfuse)
 *(.hfuse)
 *(.efuse)

.lock
 *(.lock*)

.signature
 *(.signature*)

.user_signatures
 *(.user_signatures*)

.stab
 *(.stab)

.stabstr
 *(.stabstr)

.stab.excl
 *(.stab.excl)

.stab.exclstr
 *(.stab.exclstr)

.stab.index
 *(.stab.index)

.stab.indexstr
 *(.stab.indexstr)

.comment        0x00000000       0x5c
 *(.comment)
 .comment       0x00000000       0x30 main.o
                                 0x31 (size before relaxing)
 .comment       0x00000030       0x31 c:\users\agva\DOCUME~1\ATMELS~1\7.0\SUCTIO~3\SUCTIO~1\ARDUIN~1\Debug\libArduinoCore.a(HardwareSerial.o)
 .comment       0x00000030       0x31 c:\users\agva\DOCUME~1\ATMELS~1\7.0\SUCTIO~3\SUCTIO~1\ARDUIN~1\Debug\libArduinoCore.a(HardwareSerial0.o)
 .comment       0x00000030       0x31 c:\users\agva\DOCUME~1\ATMELS~1\7.0\SUCTIO~3\SUCTIO~1\ARDUIN~1\Debug\libArduinoCore.a(main.o)
 .comment       0x00000030       0x31 c:\users\agva\DOCUME~1\ATMELS~1\7.0\SUCTIO~3\SUCTIO~1\ARDUIN~1\Debug\libArduinoCore.a(Print.o)
 .comment       0x00000030       0x31 c:\users\agva\DOCUME~1\ATMELS~1\7.0\SUCTIO~3\SUCTIO~1\ARDUIN~1\Debug\libArduinoCore.a(wiring.o)
 .comment       0x00000030       0x31 c:\users\agva\DOCUME~1\ATMELS~1\7.0\SUCTIO~3\SUCTIO~1\ARDUIN~1\Debug\libArduinoCore.a(WMath.o)
 .comment       0x00000030       0x31 c:\users\agva\DOCUME~1\ATMELS~1\7.0\SUCTIO~3\SUCTIO~1\ARDUIN~1\Debug\libArduinoCore.a(AMS5812.o)
 .comment       0x00000030       0x31 c:\users\agva\DOCUME~1\ATMELS~1\7.0\SUCTIO~3\SUCTIO~1\ARDUIN~1\Debug\libArduinoCore.a(TFT_22_ILI9225.o)
 .comment       0x00000030       0x31 c:\users\agva\DOCUME~1\ATMELS~1\7.0\SUCTIO~3\SUCTIO~1\ARDUIN~1\Debug\libArduinoCore.a(Wire.o)
 .comment       0x00000030       0x31 c:\users\agva\DOCUME~1\ATMELS~1\7.0\SUCTIO~3\SUCTIO~1\ARDUIN~1\Debug\libArduinoCore.a(hooks.o)
 .comment       0x00000030       0x31 c:\users\agva\DOCUME~1\ATMELS~1\7.0\SUCTIO~3\SUCTIO~1\ARDUIN~1\Debug\libArduinoCore.a(wiring_analog.o)
 .comment       0x00000030       0x31 c:\users\agva\DOCUME~1\ATMELS~1\7.0\SUCTIO~3\SUCTIO~1\ARDUIN~1\Debug\libArduinoCore.a(wiring_digital.o)
 .comment       0x00000030       0x31 c:\users\agva\DOCUME~1\ATMELS~1\7.0\SUCTIO~3\SUCTIO~1\ARDUIN~1\Debug\libArduinoCore.a(SPI.o)
 .comment       0x00000030       0x31 c:\users\agva\DOCUME~1\ATMELS~1\7.0\SUCTIO~3\SUCTIO~1\ARDUIN~1\Debug\libArduinoCore.a(twi.o)
 .comment       0x00000030       0x31 c:/program files (x86)/atmel/studio/7.0/toolchain/avr8/avr8-gnu-toolchain/bin/../lib/gcc/avr/5.4.0/../../../../avr/lib/avr5\libc.a(sprintf.o)
 .comment       0x00000030       0x2c c:/program files (x86)/atmel/studio/7.0/toolchain/avr8/avr8-gnu-toolchain/bin/../lib/gcc/avr/5.4.0/../../../../avr/lib/avr5\libc.a(vfprintf_std.o)
                                 0x2d (size before relaxing)
 .comment       0x0000005c       0x31 c:/program files (x86)/atmel/studio/7.0/toolchain/avr8/avr8-gnu-toolchain/bin/../lib/gcc/avr/5.4.0/../../../../avr/lib/avr5\libc.a(fputc.o)

.note.gnu.avr.deviceinfo
                0x00000000       0x40
 .note.gnu.avr.deviceinfo
                0x00000000       0x40 C:/Program Files (x86)/Atmel/Studio/7.0/Packs/atmel/ATmega_DFP/1.6.364/gcc/dev/atmega328p/avr5/crtatmega328p.o

.note.gnu.build-id
 *(.note.gnu.build-id)

.debug
 *(.debug)

.line
 *(.line)

.debug_srcinfo
 *(.debug_srcinfo)

.debug_sfnames
 *(.debug_sfnames)

.debug_aranges  0x00000000      0x748
 *(.debug_aranges)
 .debug_aranges
                0x00000000       0x30 main.o
 .debug_aranges
                0x00000030       0x68 c:\users\agva\DOCUME~1\ATMELS~1\7.0\SUCTIO~3\SUCTIO~1\ARDUIN~1\Debug\libArduinoCore.a(HardwareSerial.o)
 .debug_aranges
                0x00000098       0x48 c:\users\agva\DOCUME~1\ATMELS~1\7.0\SUCTIO~3\SUCTIO~1\ARDUIN~1\Debug\libArduinoCore.a(HardwareSerial0.o)
 .debug_aranges
                0x000000e0       0x30 c:\users\agva\DOCUME~1\ATMELS~1\7.0\SUCTIO~3\SUCTIO~1\ARDUIN~1\Debug\libArduinoCore.a(main.o)
 .debug_aranges
                0x00000110      0x100 c:\users\agva\DOCUME~1\ATMELS~1\7.0\SUCTIO~3\SUCTIO~1\ARDUIN~1\Debug\libArduinoCore.a(Print.o)
 .debug_aranges
                0x00000210       0x48 c:\users\agva\DOCUME~1\ATMELS~1\7.0\SUCTIO~3\SUCTIO~1\ARDUIN~1\Debug\libArduinoCore.a(wiring.o)
 .debug_aranges
                0x00000258       0x48 c:\users\agva\DOCUME~1\ATMELS~1\7.0\SUCTIO~3\SUCTIO~1\ARDUIN~1\Debug\libArduinoCore.a(WMath.o)
 .debug_aranges
                0x000002a0       0x50 c:\users\agva\DOCUME~1\ATMELS~1\7.0\SUCTIO~3\SUCTIO~1\ARDUIN~1\Debug\libArduinoCore.a(AMS5812.o)
 .debug_aranges
                0x000002f0      0x1f0 c:\users\agva\DOCUME~1\ATMELS~1\7.0\SUCTIO~3\SUCTIO~1\ARDUIN~1\Debug\libArduinoCore.a(TFT_22_ILI9225.o)
 .debug_aranges
                0x000004e0      0x110 c:\users\agva\DOCUME~1\ATMELS~1\7.0\SUCTIO~3\SUCTIO~1\ARDUIN~1\Debug\libArduinoCore.a(Wire.o)
 .debug_aranges
                0x000005f0       0x20 c:\users\agva\DOCUME~1\ATMELS~1\7.0\SUCTIO~3\SUCTIO~1\ARDUIN~1\Debug\libArduinoCore.a(hooks.o)
 .debug_aranges
                0x00000610       0x30 c:\users\agva\DOCUME~1\ATMELS~1\7.0\SUCTIO~3\SUCTIO~1\ARDUIN~1\Debug\libArduinoCore.a(wiring_analog.o)
 .debug_aranges
                0x00000640       0x38 c:\users\agva\DOCUME~1\ATMELS~1\7.0\SUCTIO~3\SUCTIO~1\ARDUIN~1\Debug\libArduinoCore.a(wiring_digital.o)
 .debug_aranges
                0x00000678       0x38 c:\users\agva\DOCUME~1\ATMELS~1\7.0\SUCTIO~3\SUCTIO~1\ARDUIN~1\Debug\libArduinoCore.a(SPI.o)
 .debug_aranges
                0x000006b0       0x98 c:\users\agva\DOCUME~1\ATMELS~1\7.0\SUCTIO~3\SUCTIO~1\ARDUIN~1\Debug\libArduinoCore.a(twi.o)

.debug_pubnames
 *(.debug_pubnames)

.debug_info     0x00000000    0x157ed
 *(.debug_info .gnu.linkonce.wi.*)
 .debug_info    0x00000000      0x5f4 C:/Program Files (x86)/Atmel/Studio/7.0/Packs/atmel/ATmega_DFP/1.6.364/gcc/dev/atmega328p/avr5/crtatmega328p.o
 .debug_info    0x000005f4     0x2e70 main.o
 .debug_info    0x00003464     0x1f64 c:\users\agva\DOCUME~1\ATMELS~1\7.0\SUCTIO~3\SUCTIO~1\ARDUIN~1\Debug\libArduinoCore.a(HardwareSerial.o)
 .debug_info    0x000053c8     0x1b16 c:\users\agva\DOCUME~1\ATMELS~1\7.0\SUCTIO~3\SUCTIO~1\ARDUIN~1\Debug\libArduinoCore.a(HardwareSerial0.o)
 .debug_info    0x00006ede      0x237 c:\users\agva\DOCUME~1\ATMELS~1\7.0\SUCTIO~3\SUCTIO~1\ARDUIN~1\Debug\libArduinoCore.a(main.o)
 .debug_info    0x00007115     0x28ff c:\users\agva\DOCUME~1\ATMELS~1\7.0\SUCTIO~3\SUCTIO~1\ARDUIN~1\Debug\libArduinoCore.a(Print.o)
 .debug_info    0x00009a14      0x2cb c:\users\agva\DOCUME~1\ATMELS~1\7.0\SUCTIO~3\SUCTIO~1\ARDUIN~1\Debug\libArduinoCore.a(wiring.o)
 .debug_info    0x00009cdf      0x230 c:\users\agva\DOCUME~1\ATMELS~1\7.0\SUCTIO~3\SUCTIO~1\ARDUIN~1\Debug\libArduinoCore.a(WMath.o)
 .debug_info    0x00009f0f      0xa6a c:\users\agva\DOCUME~1\ATMELS~1\7.0\SUCTIO~3\SUCTIO~1\ARDUIN~1\Debug\libArduinoCore.a(AMS5812.o)
 .debug_info    0x0000a979     0x6d74 c:\users\agva\DOCUME~1\ATMELS~1\7.0\SUCTIO~3\SUCTIO~1\ARDUIN~1\Debug\libArduinoCore.a(TFT_22_ILI9225.o)
 .debug_info    0x000116ed     0x2910 c:\users\agva\DOCUME~1\ATMELS~1\7.0\SUCTIO~3\SUCTIO~1\ARDUIN~1\Debug\libArduinoCore.a(Wire.o)
 .debug_info    0x00013ffd       0x3e c:\users\agva\DOCUME~1\ATMELS~1\7.0\SUCTIO~3\SUCTIO~1\ARDUIN~1\Debug\libArduinoCore.a(hooks.o)
 .debug_info    0x0001403b      0x26d c:\users\agva\DOCUME~1\ATMELS~1\7.0\SUCTIO~3\SUCTIO~1\ARDUIN~1\Debug\libArduinoCore.a(wiring_analog.o)
 .debug_info    0x000142a8      0x5fe c:\users\agva\DOCUME~1\ATMELS~1\7.0\SUCTIO~3\SUCTIO~1\ARDUIN~1\Debug\libArduinoCore.a(wiring_digital.o)
 .debug_info    0x000148a6      0x66b c:\users\agva\DOCUME~1\ATMELS~1\7.0\SUCTIO~3\SUCTIO~1\ARDUIN~1\Debug\libArduinoCore.a(SPI.o)
 .debug_info    0x00014f11      0x8dc c:\users\agva\DOCUME~1\ATMELS~1\7.0\SUCTIO~3\SUCTIO~1\ARDUIN~1\Debug\libArduinoCore.a(twi.o)

.debug_abbrev   0x00000000     0x3144
 *(.debug_abbrev)
 .debug_abbrev  0x00000000      0x5a2 C:/Program Files (x86)/Atmel/Studio/7.0/Packs/atmel/ATmega_DFP/1.6.364/gcc/dev/atmega328p/avr5/crtatmega328p.o
 .debug_abbrev  0x000005a2      0x480 main.o
 .debug_abbrev  0x00000a22      0x4b7 c:\users\agva\DOCUME~1\ATMELS~1\7.0\SUCTIO~3\SUCTIO~1\ARDUIN~1\Debug\libArduinoCore.a(HardwareSerial.o)
 .debug_abbrev  0x00000ed9      0x3ce c:\users\agva\DOCUME~1\ATMELS~1\7.0\SUCTIO~3\SUCTIO~1\ARDUIN~1\Debug\libArduinoCore.a(HardwareSerial0.o)
 .debug_abbrev  0x000012a7      0x12d c:\users\agva\DOCUME~1\ATMELS~1\7.0\SUCTIO~3\SUCTIO~1\ARDUIN~1\Debug\libArduinoCore.a(main.o)
 .debug_abbrev  0x000013d4      0x47a c:\users\agva\DOCUME~1\ATMELS~1\7.0\SUCTIO~3\SUCTIO~1\ARDUIN~1\Debug\libArduinoCore.a(Print.o)
 .debug_abbrev  0x0000184e      0x146 c:\users\agva\DOCUME~1\ATMELS~1\7.0\SUCTIO~3\SUCTIO~1\ARDUIN~1\Debug\libArduinoCore.a(wiring.o)
 .debug_abbrev  0x00001994      0x12b c:\users\agva\DOCUME~1\ATMELS~1\7.0\SUCTIO~3\SUCTIO~1\ARDUIN~1\Debug\libArduinoCore.a(WMath.o)
 .debug_abbrev  0x00001abf      0x2bd c:\users\agva\DOCUME~1\ATMELS~1\7.0\SUCTIO~3\SUCTIO~1\ARDUIN~1\Debug\libArduinoCore.a(AMS5812.o)
 .debug_abbrev  0x00001d7c      0x600 c:\users\agva\DOCUME~1\ATMELS~1\7.0\SUCTIO~3\SUCTIO~1\ARDUIN~1\Debug\libArduinoCore.a(TFT_22_ILI9225.o)
 .debug_abbrev  0x0000237c      0x563 c:\users\agva\DOCUME~1\ATMELS~1\7.0\SUCTIO~3\SUCTIO~1\ARDUIN~1\Debug\libArduinoCore.a(Wire.o)
 .debug_abbrev  0x000028df       0x2a c:\users\agva\DOCUME~1\ATMELS~1\7.0\SUCTIO~3\SUCTIO~1\ARDUIN~1\Debug\libArduinoCore.a(hooks.o)
 .debug_abbrev  0x00002909      0x16b c:\users\agva\DOCUME~1\ATMELS~1\7.0\SUCTIO~3\SUCTIO~1\ARDUIN~1\Debug\libArduinoCore.a(wiring_analog.o)
 .debug_abbrev  0x00002a74      0x15b c:\users\agva\DOCUME~1\ATMELS~1\7.0\SUCTIO~3\SUCTIO~1\ARDUIN~1\Debug\libArduinoCore.a(wiring_digital.o)
 .debug_abbrev  0x00002bcf      0x283 c:\users\agva\DOCUME~1\ATMELS~1\7.0\SUCTIO~3\SUCTIO~1\ARDUIN~1\Debug\libArduinoCore.a(SPI.o)
 .debug_abbrev  0x00002e52      0x2f2 c:\users\agva\DOCUME~1\ATMELS~1\7.0\SUCTIO~3\SUCTIO~1\ARDUIN~1\Debug\libArduinoCore.a(twi.o)

.debug_line     0x00000000     0x47d9
 *(.debug_line .debug_line.* .debug_line_end)
 .debug_line    0x00000000      0x134 C:/Program Files (x86)/Atmel/Studio/7.0/Packs/atmel/ATmega_DFP/1.6.364/gcc/dev/atmega328p/avr5/crtatmega328p.o
 .debug_line    0x00000134      0x3af main.o
 .debug_line    0x000004e3      0x4c4 c:\users\agva\DOCUME~1\ATMELS~1\7.0\SUCTIO~3\SUCTIO~1\ARDUIN~1\Debug\libArduinoCore.a(HardwareSerial.o)
 .debug_line    0x000009a7      0x28c c:\users\agva\DOCUME~1\ATMELS~1\7.0\SUCTIO~3\SUCTIO~1\ARDUIN~1\Debug\libArduinoCore.a(HardwareSerial0.o)
 .debug_line    0x00000c33      0x165 c:\users\agva\DOCUME~1\ATMELS~1\7.0\SUCTIO~3\SUCTIO~1\ARDUIN~1\Debug\libArduinoCore.a(main.o)
 .debug_line    0x00000d98      0x685 c:\users\agva\DOCUME~1\ATMELS~1\7.0\SUCTIO~3\SUCTIO~1\ARDUIN~1\Debug\libArduinoCore.a(Print.o)
 .debug_line    0x0000141d      0x299 c:\users\agva\DOCUME~1\ATMELS~1\7.0\SUCTIO~3\SUCTIO~1\ARDUIN~1\Debug\libArduinoCore.a(wiring.o)
 .debug_line    0x000016b6      0x143 c:\users\agva\DOCUME~1\ATMELS~1\7.0\SUCTIO~3\SUCTIO~1\ARDUIN~1\Debug\libArduinoCore.a(WMath.o)
 .debug_line    0x000017f9      0x3ba c:\users\agva\DOCUME~1\ATMELS~1\7.0\SUCTIO~3\SUCTIO~1\ARDUIN~1\Debug\libArduinoCore.a(AMS5812.o)
 .debug_line    0x00001bb3     0x17af c:\users\agva\DOCUME~1\ATMELS~1\7.0\SUCTIO~3\SUCTIO~1\ARDUIN~1\Debug\libArduinoCore.a(TFT_22_ILI9225.o)
 .debug_line    0x00003362      0x637 c:\users\agva\DOCUME~1\ATMELS~1\7.0\SUCTIO~3\SUCTIO~1\ARDUIN~1\Debug\libArduinoCore.a(Wire.o)
 .debug_line    0x00003999       0x41 c:\users\agva\DOCUME~1\ATMELS~1\7.0\SUCTIO~3\SUCTIO~1\ARDUIN~1\Debug\libArduinoCore.a(hooks.o)
 .debug_line    0x000039da      0x20f c:\users\agva\DOCUME~1\ATMELS~1\7.0\SUCTIO~3\SUCTIO~1\ARDUIN~1\Debug\libArduinoCore.a(wiring_analog.o)
 .debug_line    0x00003be9      0x252 c:\users\agva\DOCUME~1\ATMELS~1\7.0\SUCTIO~3\SUCTIO~1\ARDUIN~1\Debug\libArduinoCore.a(wiring_digital.o)
 .debug_line    0x00003e3b      0x2e3 c:\users\agva\DOCUME~1\ATMELS~1\7.0\SUCTIO~3\SUCTIO~1\ARDUIN~1\Debug\libArduinoCore.a(SPI.o)
 .debug_line    0x0000411e      0x6bb c:\users\agva\DOCUME~1\ATMELS~1\7.0\SUCTIO~3\SUCTIO~1\ARDUIN~1\Debug\libArduinoCore.a(twi.o)

.debug_frame    0x00000000     0x1c1c
 *(.debug_frame)
 .debug_frame   0x00000000       0xd0 main.o
 .debug_frame   0x000000d0      0x110 c:\users\agva\DOCUME~1\ATMELS~1\7.0\SUCTIO~3\SUCTIO~1\ARDUIN~1\Debug\libArduinoCore.a(HardwareSerial.o)
 .debug_frame   0x000001e0       0xe0 c:\users\agva\DOCUME~1\ATMELS~1\7.0\SUCTIO~3\SUCTIO~1\ARDUIN~1\Debug\libArduinoCore.a(HardwareSerial0.o)
 .debug_frame   0x000002c0       0x54 c:\users\agva\DOCUME~1\ATMELS~1\7.0\SUCTIO~3\SUCTIO~1\ARDUIN~1\Debug\libArduinoCore.a(main.o)
 .debug_frame   0x00000314      0x3ac c:\users\agva\DOCUME~1\ATMELS~1\7.0\SUCTIO~3\SUCTIO~1\ARDUIN~1\Debug\libArduinoCore.a(Print.o)
 .debug_frame   0x000006c0       0xc4 c:\users\agva\DOCUME~1\ATMELS~1\7.0\SUCTIO~3\SUCTIO~1\ARDUIN~1\Debug\libArduinoCore.a(wiring.o)
 .debug_frame   0x00000784       0xf4 c:\users\agva\DOCUME~1\ATMELS~1\7.0\SUCTIO~3\SUCTIO~1\ARDUIN~1\Debug\libArduinoCore.a(WMath.o)
 .debug_frame   0x00000878      0x16c c:\users\agva\DOCUME~1\ATMELS~1\7.0\SUCTIO~3\SUCTIO~1\ARDUIN~1\Debug\libArduinoCore.a(AMS5812.o)
 .debug_frame   0x000009e4      0xc30 c:\users\agva\DOCUME~1\ATMELS~1\7.0\SUCTIO~3\SUCTIO~1\ARDUIN~1\Debug\libArduinoCore.a(TFT_22_ILI9225.o)
 .debug_frame   0x00001614      0x2b0 c:\users\agva\DOCUME~1\ATMELS~1\7.0\SUCTIO~3\SUCTIO~1\ARDUIN~1\Debug\libArduinoCore.a(Wire.o)
 .debug_frame   0x000018c4       0x24 c:\users\agva\DOCUME~1\ATMELS~1\7.0\SUCTIO~3\SUCTIO~1\ARDUIN~1\Debug\libArduinoCore.a(hooks.o)
 .debug_frame   0x000018e8       0x54 c:\users\agva\DOCUME~1\ATMELS~1\7.0\SUCTIO~3\SUCTIO~1\ARDUIN~1\Debug\libArduinoCore.a(wiring_analog.o)
 .debug_frame   0x0000193c       0x7c c:\users\agva\DOCUME~1\ATMELS~1\7.0\SUCTIO~3\SUCTIO~1\ARDUIN~1\Debug\libArduinoCore.a(wiring_digital.o)
 .debug_frame   0x000019b8       0x5c c:\users\agva\DOCUME~1\ATMELS~1\7.0\SUCTIO~3\SUCTIO~1\ARDUIN~1\Debug\libArduinoCore.a(SPI.o)
 .debug_frame   0x00001a14      0x208 c:\users\agva\DOCUME~1\ATMELS~1\7.0\SUCTIO~3\SUCTIO~1\ARDUIN~1\Debug\libArduinoCore.a(twi.o)

.debug_str      0x00000000     0x4346
 *(.debug_str)
 .debug_str     0x00000000      0x208 C:/Program Files (x86)/Atmel/Studio/7.0/Packs/atmel/ATmega_DFP/1.6.364/gcc/dev/atmega328p/avr5/crtatmega328p.o
 .debug_str     0x00000208     0x2331 main.o
                               0x246e (size before relaxing)
 .debug_str     0x00002539      0x7ea c:\users\agva\DOCUME~1\ATMELS~1\7.0\SUCTIO~3\SUCTIO~1\ARDUIN~1\Debug\libArduinoCore.a(HardwareSerial.o)
                               0x1627 (size before relaxing)
 .debug_str     0x00002d23       0x86 c:\users\agva\DOCUME~1\ATMELS~1\7.0\SUCTIO~3\SUCTIO~1\ARDUIN~1\Debug\libArduinoCore.a(HardwareSerial0.o)
                               0x141a (size before relaxing)
 .debug_str     0x00002da9       0x37 c:\users\agva\DOCUME~1\ATMELS~1\7.0\SUCTIO~3\SUCTIO~1\ARDUIN~1\Debug\libArduinoCore.a(main.o)
                                0x2c6 (size before relaxing)
 .debug_str     0x00002de0      0x3a1 c:\users\agva\DOCUME~1\ATMELS~1\7.0\SUCTIO~3\SUCTIO~1\ARDUIN~1\Debug\libArduinoCore.a(Print.o)
                               0x1254 (size before relaxing)
 .debug_str     0x00003181      0x153 c:\users\agva\DOCUME~1\ATMELS~1\7.0\SUCTIO~3\SUCTIO~1\ARDUIN~1\Debug\libArduinoCore.a(wiring.o)
                                0x25c (size before relaxing)
 .debug_str     0x000032d4       0xac c:\users\agva\DOCUME~1\ATMELS~1\7.0\SUCTIO~3\SUCTIO~1\ARDUIN~1\Debug\libArduinoCore.a(WMath.o)
                                0x25f (size before relaxing)
 .debug_str     0x00003380       0xb1 c:\users\agva\DOCUME~1\ATMELS~1\7.0\SUCTIO~3\SUCTIO~1\ARDUIN~1\Debug\libArduinoCore.a(AMS5812.o)
                                0xaa6 (size before relaxing)
 .debug_str     0x00003431      0x54a c:\users\agva\DOCUME~1\ATMELS~1\7.0\SUCTIO~3\SUCTIO~1\ARDUIN~1\Debug\libArduinoCore.a(TFT_22_ILI9225.o)
                               0x216f (size before relaxing)
 .debug_str     0x0000397b      0x628 c:\users\agva\DOCUME~1\ATMELS~1\7.0\SUCTIO~3\SUCTIO~1\ARDUIN~1\Debug\libArduinoCore.a(Wire.o)
                               0x19b7 (size before relaxing)
 .debug_str     0x00003fa3       0x1c c:\users\agva\DOCUME~1\ATMELS~1\7.0\SUCTIO~3\SUCTIO~1\ARDUIN~1\Debug\libArduinoCore.a(hooks.o)
                                0x151 (size before relaxing)
 .debug_str     0x00003fbf       0x66 c:\users\agva\DOCUME~1\ATMELS~1\7.0\SUCTIO~3\SUCTIO~1\ARDUIN~1\Debug\libArduinoCore.a(wiring_analog.o)
                                0x260 (size before relaxing)
 .debug_str     0x00004025       0x5d c:\users\agva\DOCUME~1\ATMELS~1\7.0\SUCTIO~3\SUCTIO~1\ARDUIN~1\Debug\libArduinoCore.a(wiring_digital.o)
                                0x2c1 (size before relaxing)
 .debug_str     0x00004082       0x9f c:\users\agva\DOCUME~1\ATMELS~1\7.0\SUCTIO~3\SUCTIO~1\ARDUIN~1\Debug\libArduinoCore.a(SPI.o)
                                0x6bf (size before relaxing)
 .debug_str     0x00004121      0x225 c:\users\agva\DOCUME~1\ATMELS~1\7.0\SUCTIO~3\SUCTIO~1\ARDUIN~1\Debug\libArduinoCore.a(twi.o)
                                0x50b (size before relaxing)

.debug_loc      0x00000000     0xa9be
 *(.debug_loc)
 .debug_loc     0x00000000      0x25c main.o
 .debug_loc     0x0000025c      0x4dc c:\users\agva\DOCUME~1\ATMELS~1\7.0\SUCTIO~3\SUCTIO~1\ARDUIN~1\Debug\libArduinoCore.a(HardwareSerial.o)
 .debug_loc     0x00000738      0x1b0 c:\users\agva\DOCUME~1\ATMELS~1\7.0\SUCTIO~3\SUCTIO~1\ARDUIN~1\Debug\libArduinoCore.a(HardwareSerial0.o)
 .debug_loc     0x000008e8     0x1c87 c:\users\agva\DOCUME~1\ATMELS~1\7.0\SUCTIO~3\SUCTIO~1\ARDUIN~1\Debug\libArduinoCore.a(Print.o)
 .debug_loc     0x0000256f      0x28d c:\users\agva\DOCUME~1\ATMELS~1\7.0\SUCTIO~3\SUCTIO~1\ARDUIN~1\Debug\libArduinoCore.a(wiring.o)
 .debug_loc     0x000027fc      0x3d6 c:\users\agva\DOCUME~1\ATMELS~1\7.0\SUCTIO~3\SUCTIO~1\ARDUIN~1\Debug\libArduinoCore.a(WMath.o)
 .debug_loc     0x00002bd2      0x465 c:\users\agva\DOCUME~1\ATMELS~1\7.0\SUCTIO~3\SUCTIO~1\ARDUIN~1\Debug\libArduinoCore.a(AMS5812.o)
 .debug_loc     0x00003037     0x5b6f c:\users\agva\DOCUME~1\ATMELS~1\7.0\SUCTIO~3\SUCTIO~1\ARDUIN~1\Debug\libArduinoCore.a(TFT_22_ILI9225.o)
 .debug_loc     0x00008ba6      0xcbb c:\users\agva\DOCUME~1\ATMELS~1\7.0\SUCTIO~3\SUCTIO~1\ARDUIN~1\Debug\libArduinoCore.a(Wire.o)
 .debug_loc     0x00009861       0xfe c:\users\agva\DOCUME~1\ATMELS~1\7.0\SUCTIO~3\SUCTIO~1\ARDUIN~1\Debug\libArduinoCore.a(wiring_analog.o)
 .debug_loc     0x0000995f      0x5fc c:\users\agva\DOCUME~1\ATMELS~1\7.0\SUCTIO~3\SUCTIO~1\ARDUIN~1\Debug\libArduinoCore.a(wiring_digital.o)
 .debug_loc     0x00009f5b      0x1e4 c:\users\agva\DOCUME~1\ATMELS~1\7.0\SUCTIO~3\SUCTIO~1\ARDUIN~1\Debug\libArduinoCore.a(SPI.o)
 .debug_loc     0x0000a13f      0x87f c:\users\agva\DOCUME~1\ATMELS~1\7.0\SUCTIO~3\SUCTIO~1\ARDUIN~1\Debug\libArduinoCore.a(twi.o)

.debug_macinfo
 *(.debug_macinfo)

.debug_weaknames
 *(.debug_weaknames)

.debug_funcnames
 *(.debug_funcnames)

.debug_typenames
 *(.debug_typenames)

.debug_varnames
 *(.debug_varnames)

.debug_pubtypes
 *(.debug_pubtypes)

.debug_ranges   0x00000000      0x700
 *(.debug_ranges)
 .debug_ranges  0x00000000       0x38 main.o
 .debug_ranges  0x00000038       0x58 c:\users\agva\DOCUME~1\ATMELS~1\7.0\SUCTIO~3\SUCTIO~1\ARDUIN~1\Debug\libArduinoCore.a(HardwareSerial.o)
 .debug_ranges  0x00000090       0x38 c:\users\agva\DOCUME~1\ATMELS~1\7.0\SUCTIO~3\SUCTIO~1\ARDUIN~1\Debug\libArduinoCore.a(HardwareSerial0.o)
 .debug_ranges  0x000000c8       0x20 c:\users\agva\DOCUME~1\ATMELS~1\7.0\SUCTIO~3\SUCTIO~1\ARDUIN~1\Debug\libArduinoCore.a(main.o)
 .debug_ranges  0x000000e8      0x120 c:\users\agva\DOCUME~1\ATMELS~1\7.0\SUCTIO~3\SUCTIO~1\ARDUIN~1\Debug\libArduinoCore.a(Print.o)
 .debug_ranges  0x00000208       0x38 c:\users\agva\DOCUME~1\ATMELS~1\7.0\SUCTIO~3\SUCTIO~1\ARDUIN~1\Debug\libArduinoCore.a(wiring.o)
 .debug_ranges  0x00000240       0x38 c:\users\agva\DOCUME~1\ATMELS~1\7.0\SUCTIO~3\SUCTIO~1\ARDUIN~1\Debug\libArduinoCore.a(WMath.o)
 .debug_ranges  0x00000278       0x40 c:\users\agva\DOCUME~1\ATMELS~1\7.0\SUCTIO~3\SUCTIO~1\ARDUIN~1\Debug\libArduinoCore.a(AMS5812.o)
 .debug_ranges  0x000002b8      0x240 c:\users\agva\DOCUME~1\ATMELS~1\7.0\SUCTIO~3\SUCTIO~1\ARDUIN~1\Debug\libArduinoCore.a(TFT_22_ILI9225.o)
 .debug_ranges  0x000004f8      0x100 c:\users\agva\DOCUME~1\ATMELS~1\7.0\SUCTIO~3\SUCTIO~1\ARDUIN~1\Debug\libArduinoCore.a(Wire.o)
 .debug_ranges  0x000005f8       0x10 c:\users\agva\DOCUME~1\ATMELS~1\7.0\SUCTIO~3\SUCTIO~1\ARDUIN~1\Debug\libArduinoCore.a(hooks.o)
 .debug_ranges  0x00000608       0x20 c:\users\agva\DOCUME~1\ATMELS~1\7.0\SUCTIO~3\SUCTIO~1\ARDUIN~1\Debug\libArduinoCore.a(wiring_analog.o)
 .debug_ranges  0x00000628       0x28 c:\users\agva\DOCUME~1\ATMELS~1\7.0\SUCTIO~3\SUCTIO~1\ARDUIN~1\Debug\libArduinoCore.a(wiring_digital.o)
 .debug_ranges  0x00000650       0x28 c:\users\agva\DOCUME~1\ATMELS~1\7.0\SUCTIO~3\SUCTIO~1\ARDUIN~1\Debug\libArduinoCore.a(SPI.o)
 .debug_ranges  0x00000678       0x88 c:\users\agva\DOCUME~1\ATMELS~1\7.0\SUCTIO~3\SUCTIO~1\ARDUIN~1\Debug\libArduinoCore.a(twi.o)

.debug_macro
 *(.debug_macro)
OUTPUT(suction_pump.elf elf32-avr)
LOAD linker stubs
